interactions:
- request:
    body: null
    headers:
      Accept: ['*/*']
      Accept-Encoding: ['gzip, deflate']
      Connection: [keep-alive]
      User-Agent: [python-requests/2.7.0 CPython/2.7.9 Darwin/14.3.0]
    method: GET
    uri: http://api.steampowered.com/ISteamUser/GetPlayerSummaries/v2?steamids=76561198060689354%2C76561197969428769&key=DA0509DA52BC706F282F2D315D3C61BB&format=json
  response:
    body: {string: !!python/unicode "{\n\t\"response\": {\n\t\t\"players\": [\n\t\t\
        \t{\n\t\t\t\t\"steamid\": \"76561198060689354\",\n\t\t\t\t\"communityvisibilitystate\"\
        : 3,\n\t\t\t\t\"profilestate\": 1,\n\t\t\t\t\"personaname\": \"ARizzo\",\n\
        \t\t\t\t\"lastlogoff\": 1433214204,\n\t\t\t\t\"profileurl\": \"http://steamcommunity.com/id/ARizzo/\"\
        ,\n\t\t\t\t\"avatar\": \"https://steamcdn-a.akamaihd.net/steamcommunity/public/images/avatars/2f/2f1d0e0838170da310548a8f01a94d0c256b8a08.jpg\"\
        ,\n\t\t\t\t\"avatarmedium\": \"https://steamcdn-a.akamaihd.net/steamcommunity/public/images/avatars/2f/2f1d0e0838170da310548a8f01a94d0c256b8a08_medium.jpg\"\
        ,\n\t\t\t\t\"avatarfull\": \"https://steamcdn-a.akamaihd.net/steamcommunity/public/images/avatars/2f/2f1d0e0838170da310548a8f01a94d0c256b8a08_full.jpg\"\
        ,\n\t\t\t\t\"personastate\": 0,\n\t\t\t\t\"primaryclanid\": \"103582791432588642\"\
        ,\n\t\t\t\t\"timecreated\": 1332383733,\n\t\t\t\t\"personastateflags\": 0,\n\
        \t\t\t\t\"loccountrycode\": \"US\",\n\t\t\t\t\"locstatecode\": \"CA\",\n\t\
        \t\t\t\"loccityid\": 511\n\t\t\t},\n\t\t\t{\n\t\t\t\t\"steamid\": \"76561197969428769\"\
        ,\n\t\t\t\t\"communityvisibilitystate\": 3,\n\t\t\t\t\"profilestate\": 1,\n\
        \t\t\t\t\"personaname\": \"Son of Themis\",\n\t\t\t\t\"lastlogoff\": 1433358233,\n\
        \t\t\t\t\"profileurl\": \"http://steamcommunity.com/profiles/76561197969428769/\"\
        ,\n\t\t\t\t\"avatar\": \"https://steamcdn-a.akamaihd.net/steamcommunity/public/images/avatars/54/5444b291ecddceb7f3a8a9684eeccf8ef5c2a577.jpg\"\
        ,\n\t\t\t\t\"avatarmedium\": \"https://steamcdn-a.akamaihd.net/steamcommunity/public/images/avatars/54/5444b291ecddceb7f3a8a9684eeccf8ef5c2a577_medium.jpg\"\
        ,\n\t\t\t\t\"avatarfull\": \"https://steamcdn-a.akamaihd.net/steamcommunity/public/images/avatars/54/5444b291ecddceb7f3a8a9684eeccf8ef5c2a577_full.jpg\"\
        ,\n\t\t\t\t\"personastate\": 3,\n\t\t\t\t\"realname\": \"Andre\",\n\t\t\t\t\
        \"primaryclanid\": \"103582791434796278\",\n\t\t\t\t\"timecreated\": 1097296995,\n\
        \t\t\t\t\"personastateflags\": 0,\n\t\t\t\t\"loccountrycode\": \"US\",\n\t\
        \t\t\t\"locstatecode\": \"CA\"\n\t\t\t}\n\t\t]\n\t\t\n\t}\n}"}
    headers:
      content-length: ['1761']
      content-type: [application/json; charset=UTF-8]
      date: ['Thu, 04 Jun 2015 02:49:02 GMT']
      expires: ['Thu, 04 Jun 2015 02:49:02 GMT']
    status: {code: 200, message: OK}
- request:
    body: null
    headers:
      Accept: ['*/*']
      Accept-Encoding: ['gzip, deflate']
      Connection: [keep-alive]
      User-Agent: [python-requests/2.7.0 CPython/2.7.9 Darwin/14.3.0]
    method: GET
    uri: http://api.steampowered.com/IPlayerService/GetOwnedGames/v1?steamid=76561198060689354&include_played_free_games=1&include_appinfo=1&key=DA0509DA52BC706F282F2D315D3C61BB&format=json
  response:
    body: {string: !!python/unicode "{\n\t\"response\": {\n\t\t\"game_count\": 9,\n\
        \t\t\"games\": [\n\t\t\t{\n\t\t\t\t\"appid\": 205790,\n\t\t\t\t\"name\": \"\
        Dota 2 Test\",\n\t\t\t\t\"playtime_forever\": 1,\n\t\t\t\t\"img_icon_url\"\
        : \"\",\n\t\t\t\t\"img_logo_url\": \"\"\n\t\t\t},\n\t\t\t{\n\t\t\t\t\"appid\"\
        : 49520,\n\t\t\t\t\"name\": \"Borderlands 2\",\n\t\t\t\t\"playtime_forever\"\
        : 199,\n\t\t\t\t\"img_icon_url\": \"a3f4945226e69b6196074df4c776e342d3e5a3be\"\
        ,\n\t\t\t\t\"img_logo_url\": \"86b0fa5ddb41b4dfff7df194a017f3418130d668\"\
        ,\n\t\t\t\t\"has_community_visible_stats\": true\n\t\t\t},\n\t\t\t{\n\t\t\t\
        \t\"appid\": 39140,\n\t\t\t\t\"name\": \"FINAL FANTASY VII\",\n\t\t\t\t\"\
        playtime_forever\": 73,\n\t\t\t\t\"img_icon_url\": \"dc89ce8f07d5ec36a5617a66fe16e3541d2cc172\"\
        ,\n\t\t\t\t\"img_logo_url\": \"a54e96c44d2b2c65a75702655ef47df336e0492a\"\
        ,\n\t\t\t\t\"has_community_visible_stats\": true\n\t\t\t},\n\t\t\t{\n\t\t\t\
        \t\"appid\": 249990,\n\t\t\t\t\"name\": \"FORCED\",\n\t\t\t\t\"playtime_forever\"\
        : 492,\n\t\t\t\t\"img_icon_url\": \"d9ab3c38b347a2510f6ab540921248da14349ca4\"\
        ,\n\t\t\t\t\"img_logo_url\": \"befa0212beead77417a360cb103265310a2fa1a4\"\
        ,\n\t\t\t\t\"has_community_visible_stats\": true\n\t\t\t},\n\t\t\t{\n\t\t\t\
        \t\"appid\": 200110,\n\t\t\t\t\"name\": \"Nosgoth\",\n\t\t\t\t\"playtime_forever\"\
        : 0,\n\t\t\t\t\"img_icon_url\": \"5059f6d2b9c87f10a631fcdcbed1020f7aae0ef9\"\
        ,\n\t\t\t\t\"img_logo_url\": \"9894c6c94dca1b2c6f1836a3c780d8504efdd4ef\"\
        ,\n\t\t\t\t\"has_community_visible_stats\": true\n\t\t\t},\n\t\t\t{\n\t\t\t\
        \t\"appid\": 241930,\n\t\t\t\t\"name\": \"Middle-earth: Shadow of Mordor\"\
        ,\n\t\t\t\t\"playtime_forever\": 1619,\n\t\t\t\t\"img_icon_url\": \"161afab3c9f725f593635723cc64a7fbeb324ead\"\
        ,\n\t\t\t\t\"img_logo_url\": \"00631b918ee8799ff48b3d91d9eb0d3278aafa83\"\
        ,\n\t\t\t\t\"has_community_visible_stats\": true\n\t\t\t},\n\t\t\t{\n\t\t\t\
        \t\"appid\": 239140,\n\t\t\t\t\"name\": \"Dying Light\",\n\t\t\t\t\"playtime_2weeks\"\
        : 10,\n\t\t\t\t\"playtime_forever\": 412,\n\t\t\t\t\"img_icon_url\": \"d6eafb4fab916ac475bf67054332dd1c0659f8d6\"\
        ,\n\t\t\t\t\"img_logo_url\": \"a2656cade3af57d07d0a9622d3b52745b26b2225\"\
        ,\n\t\t\t\t\"has_community_visible_stats\": true\n\t\t\t},\n\t\t\t{\n\t\t\t\
        \t\"appid\": 45760,\n\t\t\t\t\"name\": \"Ultra Street Fighter IV\",\n\t\t\t\
        \t\"playtime_forever\": 0,\n\t\t\t\t\"img_icon_url\": \"473fcea2eb516528608dff7f9e3e61009d76a282\"\
        ,\n\t\t\t\t\"img_logo_url\": \"bdd481249e579f852056b51db32a6279444d4f47\"\
        ,\n\t\t\t\t\"has_community_visible_stats\": true\n\t\t\t},\n\t\t\t{\n\t\t\t\
        \t\"appid\": 570,\n\t\t\t\t\"name\": \"Dota 2\",\n\t\t\t\t\"playtime_forever\"\
        : 215,\n\t\t\t\t\"img_icon_url\": \"0bbb630d63262dd66d2fdd0f7d37e8661a410075\"\
        ,\n\t\t\t\t\"img_logo_url\": \"d4f836839254be08d8e9dd333ecc9a01782c26d2\"\n\
        \t\t\t}\n\t\t]\n\t\t\n\t}\n}"}
    headers:
      content-length: ['2241']
      content-type: [application/json; charset=UTF-8]
      date: ['Thu, 04 Jun 2015 02:49:03 GMT']
      expires: ['Thu, 04 Jun 2015 02:49:03 GMT']
      x-eresult: ['1']
    status: {code: 200, message: OK}
- request:
    body: null
    headers:
      Accept: ['*/*']
      Accept-Encoding: ['gzip, deflate']
      Connection: [keep-alive]
      User-Agent: [python-requests/2.7.0 CPython/2.7.9 Darwin/14.3.0]
    method: GET
    uri: http://api.steampowered.com/ISteamUser/GetFriendList/v1?steamid=76561198060689354&key=DA0509DA52BC706F282F2D315D3C61BB&format=json
  response:
    body: {string: !!python/unicode "{\n\t\"friendslist\": {\n\t\t\"friends\": [\n\
        \t\t\t{\n\t\t\t\t\"steamid\": \"76561197969150625\",\n\t\t\t\t\"relationship\"\
        : \"friend\",\n\t\t\t\t\"friend_since\": 1361004710\n\t\t\t},\n\t\t\t{\n\t\
        \t\t\t\"steamid\": \"76561197971950003\",\n\t\t\t\t\"relationship\": \"friend\"\
        ,\n\t\t\t\t\"friend_since\": 1354953029\n\t\t\t},\n\t\t\t{\n\t\t\t\t\"steamid\"\
        : \"76561197972568105\",\n\t\t\t\t\"relationship\": \"friend\",\n\t\t\t\t\"\
        friend_since\": 1354245200\n\t\t\t},\n\t\t\t{\n\t\t\t\t\"steamid\": \"76561197977820643\"\
        ,\n\t\t\t\t\"relationship\": \"friend\",\n\t\t\t\t\"friend_since\": 1354299995\n\
        \t\t\t},\n\t\t\t{\n\t\t\t\t\"steamid\": \"76561197979664690\",\n\t\t\t\t\"\
        relationship\": \"friend\",\n\t\t\t\t\"friend_since\": 1384756529\n\t\t\t\
        },\n\t\t\t{\n\t\t\t\t\"steamid\": \"76561197980747796\",\n\t\t\t\t\"relationship\"\
        : \"friend\",\n\t\t\t\t\"friend_since\": 1358923536\n\t\t\t},\n\t\t\t{\n\t\
        \t\t\t\"steamid\": \"76561197995703478\",\n\t\t\t\t\"relationship\": \"friend\"\
        ,\n\t\t\t\t\"friend_since\": 1354230512\n\t\t\t},\n\t\t\t{\n\t\t\t\t\"steamid\"\
        : \"76561198004046679\",\n\t\t\t\t\"relationship\": \"friend\",\n\t\t\t\t\"\
        friend_since\": 1365910627\n\t\t\t},\n\t\t\t{\n\t\t\t\t\"steamid\": \"76561198011863996\"\
        ,\n\t\t\t\t\"relationship\": \"friend\",\n\t\t\t\t\"friend_since\": 1356365063\n\
        \t\t\t},\n\t\t\t{\n\t\t\t\t\"steamid\": \"76561198015860708\",\n\t\t\t\t\"\
        relationship\": \"friend\",\n\t\t\t\t\"friend_since\": 1377048413\n\t\t\t\
        },\n\t\t\t{\n\t\t\t\t\"steamid\": \"76561198039494282\",\n\t\t\t\t\"relationship\"\
        : \"friend\",\n\t\t\t\t\"friend_since\": 1360488626\n\t\t\t},\n\t\t\t{\n\t\
        \t\t\t\"steamid\": \"76561198045752498\",\n\t\t\t\t\"relationship\": \"friend\"\
        ,\n\t\t\t\t\"friend_since\": 1374969334\n\t\t\t},\n\t\t\t{\n\t\t\t\t\"steamid\"\
        : \"76561198096016427\",\n\t\t\t\t\"relationship\": \"friend\",\n\t\t\t\t\"\
        friend_since\": 1372632124\n\t\t\t}\n\t\t]\n\t\t\n\t}\n}"}
    headers:
      content-length: ['1449']
      content-type: [application/json; charset=UTF-8]
      date: ['Thu, 04 Jun 2015 02:49:03 GMT']
      expires: ['Thu, 04 Jun 2015 02:49:03 GMT']
    status: {code: 200, message: OK}
- request:
    body: null
    headers:
      Accept: ['*/*']
      Accept-Encoding: ['gzip, deflate']
      Connection: [keep-alive]
      User-Agent: [python-requests/2.7.0 CPython/2.7.9 Darwin/14.3.0]
    method: GET
    uri: http://api.steampowered.com/ISteamUser/GetPlayerSummaries/v2?steamids=76561197969150625%2C76561197971950003%2C76561197972568105%2C76561197977820643%2C76561197979664690%2C76561197980747796%2C76561197995703478%2C76561198004046679%2C76561198011863996%2C76561198015860708%2C76561198039494282%2C76561198045752498%2C76561198096016427&key=DA0509DA52BC706F282F2D315D3C61BB&format=json
  response:
    body: {string: !!python/unicode "{\n\t\"response\": {\n\t\t\"players\": [\n\t\t\
        \t{\n\t\t\t\t\"steamid\": \"76561198096016427\",\n\t\t\t\t\"communityvisibilitystate\"\
        : 3,\n\t\t\t\t\"profilestate\": 1,\n\t\t\t\t\"personaname\": \"Wombat Man\"\
        ,\n\t\t\t\t\"lastlogoff\": 1433260786,\n\t\t\t\t\"profileurl\": \"http://steamcommunity.com/profiles/76561198096016427/\"\
        ,\n\t\t\t\t\"avatar\": \"https://steamcdn-a.akamaihd.net/steamcommunity/public/images/avatars/3f/3ff9fd29766e4d5fcab75197c8c9d88002b97677.jpg\"\
        ,\n\t\t\t\t\"avatarmedium\": \"https://steamcdn-a.akamaihd.net/steamcommunity/public/images/avatars/3f/3ff9fd29766e4d5fcab75197c8c9d88002b97677_medium.jpg\"\
        ,\n\t\t\t\t\"avatarfull\": \"https://steamcdn-a.akamaihd.net/steamcommunity/public/images/avatars/3f/3ff9fd29766e4d5fcab75197c8c9d88002b97677_full.jpg\"\
        ,\n\t\t\t\t\"personastate\": 0,\n\t\t\t\t\"primaryclanid\": \"103582791429521408\"\
        ,\n\t\t\t\t\"timecreated\": 1372542485,\n\t\t\t\t\"personastateflags\": 0,\n\
        \t\t\t\t\"loccountrycode\": \"US\"\n\t\t\t},\n\t\t\t{\n\t\t\t\t\"steamid\"\
        : \"76561197979664690\",\n\t\t\t\t\"communityvisibilitystate\": 3,\n\t\t\t\
        \t\"profilestate\": 1,\n\t\t\t\t\"personaname\": \"JC\",\n\t\t\t\t\"lastlogoff\"\
        : 1433311232,\n\t\t\t\t\"profileurl\": \"http://steamcommunity.com/profiles/76561197979664690/\"\
        ,\n\t\t\t\t\"avatar\": \"https://steamcdn-a.akamaihd.net/steamcommunity/public/images/avatars/d9/d956bc4013e234d687e01e910297bd80cde68345.jpg\"\
        ,\n\t\t\t\t\"avatarmedium\": \"https://steamcdn-a.akamaihd.net/steamcommunity/public/images/avatars/d9/d956bc4013e234d687e01e910297bd80cde68345_medium.jpg\"\
        ,\n\t\t\t\t\"avatarfull\": \"https://steamcdn-a.akamaihd.net/steamcommunity/public/images/avatars/d9/d956bc4013e234d687e01e910297bd80cde68345_full.jpg\"\
        ,\n\t\t\t\t\"personastate\": 0,\n\t\t\t\t\"realname\": \"JC\",\n\t\t\t\t\"\
        primaryclanid\": \"103582791429521408\",\n\t\t\t\t\"timecreated\": 1134241650,\n\
        \t\t\t\t\"personastateflags\": 0,\n\t\t\t\t\"loccountrycode\": \"US\",\n\t\
        \t\t\t\"locstatecode\": \"CA\"\n\t\t\t},\n\t\t\t{\n\t\t\t\t\"steamid\": \"\
        76561197980747796\",\n\t\t\t\t\"communityvisibilitystate\": 3,\n\t\t\t\t\"\
        profilestate\": 1,\n\t\t\t\t\"personaname\": \"Wyse Nynja\",\n\t\t\t\t\"lastlogoff\"\
        : 1433311582,\n\t\t\t\t\"profileurl\": \"http://steamcommunity.com/id/nynjawitay/\"\
        ,\n\t\t\t\t\"avatar\": \"https://steamcdn-a.akamaihd.net/steamcommunity/public/images/avatars/72/725057f3af985a312ce3cb49b3fa5edac0dad699.jpg\"\
        ,\n\t\t\t\t\"avatarmedium\": \"https://steamcdn-a.akamaihd.net/steamcommunity/public/images/avatars/72/725057f3af985a312ce3cb49b3fa5edac0dad699_medium.jpg\"\
        ,\n\t\t\t\t\"avatarfull\": \"https://steamcdn-a.akamaihd.net/steamcommunity/public/images/avatars/72/725057f3af985a312ce3cb49b3fa5edac0dad699_full.jpg\"\
        ,\n\t\t\t\t\"personastate\": 3,\n\t\t\t\t\"realname\": \"Bryan\",\n\t\t\t\t\
        \"primaryclanid\": \"103582791430096323\",\n\t\t\t\t\"timecreated\": 1138838266,\n\
        \t\t\t\t\"personastateflags\": 0,\n\t\t\t\t\"loccountrycode\": \"US\",\n\t\
        \t\t\t\"locstatecode\": \"CA\",\n\t\t\t\t\"loccityid\": 511\n\t\t\t},\n\t\t\
        \t{\n\t\t\t\t\"steamid\": \"76561198045752498\",\n\t\t\t\t\"communityvisibilitystate\"\
        : 3,\n\t\t\t\t\"profilestate\": 1,\n\t\t\t\t\"personaname\": \"zansrule\"\
        ,\n\t\t\t\t\"lastlogoff\": 1433375372,\n\t\t\t\t\"profileurl\": \"http://steamcommunity.com/profiles/76561198045752498/\"\
        ,\n\t\t\t\t\"avatar\": \"https://steamcdn-a.akamaihd.net/steamcommunity/public/images/avatars/fe/fef49e7fa7e1997310d705b2a6158ff8dc1cdfeb.jpg\"\
        ,\n\t\t\t\t\"avatarmedium\": \"https://steamcdn-a.akamaihd.net/steamcommunity/public/images/avatars/fe/fef49e7fa7e1997310d705b2a6158ff8dc1cdfeb_medium.jpg\"\
        ,\n\t\t\t\t\"avatarfull\": \"https://steamcdn-a.akamaihd.net/steamcommunity/public/images/avatars/fe/fef49e7fa7e1997310d705b2a6158ff8dc1cdfeb_full.jpg\"\
        ,\n\t\t\t\t\"personastate\": 3,\n\t\t\t\t\"primaryclanid\": \"103582791429521408\"\
        ,\n\t\t\t\t\"timecreated\": 1311346251,\n\t\t\t\t\"personastateflags\": 0\n\
        \t\t\t},\n\t\t\t{\n\t\t\t\t\"steamid\": \"76561198039494282\",\n\t\t\t\t\"\
        communityvisibilitystate\": 3,\n\t\t\t\t\"profilestate\": 1,\n\t\t\t\t\"personaname\"\
        : \"adam.ames\",\n\t\t\t\t\"lastlogoff\": 1428044055,\n\t\t\t\t\"profileurl\"\
        : \"http://steamcommunity.com/profiles/76561198039494282/\",\n\t\t\t\t\"avatar\"\
        : \"https://steamcdn-a.akamaihd.net/steamcommunity/public/images/avatars/fe/fef49e7fa7e1997310d705b2a6158ff8dc1cdfeb.jpg\"\
        ,\n\t\t\t\t\"avatarmedium\": \"https://steamcdn-a.akamaihd.net/steamcommunity/public/images/avatars/fe/fef49e7fa7e1997310d705b2a6158ff8dc1cdfeb_medium.jpg\"\
        ,\n\t\t\t\t\"avatarfull\": \"https://steamcdn-a.akamaihd.net/steamcommunity/public/images/avatars/fe/fef49e7fa7e1997310d705b2a6158ff8dc1cdfeb_full.jpg\"\
        ,\n\t\t\t\t\"personastate\": 0,\n\t\t\t\t\"primaryclanid\": \"103582791429521408\"\
        ,\n\t\t\t\t\"timecreated\": 1300387992,\n\t\t\t\t\"personastateflags\": 0\n\
        \t\t\t},\n\t\t\t{\n\t\t\t\t\"steamid\": \"76561197969150625\",\n\t\t\t\t\"\
        communityvisibilitystate\": 3,\n\t\t\t\t\"profilestate\": 1,\n\t\t\t\t\"personaname\"\
        : \"bandithxi\",\n\t\t\t\t\"lastlogoff\": 1432650282,\n\t\t\t\t\"profileurl\"\
        : \"http://steamcommunity.com/profiles/76561197969150625/\",\n\t\t\t\t\"avatar\"\
        : \"https://steamcdn-a.akamaihd.net/steamcommunity/public/images/avatars/b5/b54d1a13b86b0aa9dc49a53a64ee7bd1a0a99695.jpg\"\
        ,\n\t\t\t\t\"avatarmedium\": \"https://steamcdn-a.akamaihd.net/steamcommunity/public/images/avatars/b5/b54d1a13b86b0aa9dc49a53a64ee7bd1a0a99695_medium.jpg\"\
        ,\n\t\t\t\t\"avatarfull\": \"https://steamcdn-a.akamaihd.net/steamcommunity/public/images/avatars/b5/b54d1a13b86b0aa9dc49a53a64ee7bd1a0a99695_full.jpg\"\
        ,\n\t\t\t\t\"personastate\": 0,\n\t\t\t\t\"primaryclanid\": \"103582791429524891\"\
        ,\n\t\t\t\t\"timecreated\": 1096081728,\n\t\t\t\t\"personastateflags\": 0\n\
        \t\t\t},\n\t\t\t{\n\t\t\t\t\"steamid\": \"76561197972568105\",\n\t\t\t\t\"\
        communityvisibilitystate\": 3,\n\t\t\t\t\"profilestate\": 1,\n\t\t\t\t\"personaname\"\
        : \"Kobeer Namtab\",\n\t\t\t\t\"lastlogoff\": 1433341365,\n\t\t\t\t\"profileurl\"\
        : \"http://steamcommunity.com/id/kobeer/\",\n\t\t\t\t\"avatar\": \"https://steamcdn-a.akamaihd.net/steamcommunity/public/images/avatars/87/871245d5280a9750a86c31c3a4e4ca455a60a4f4.jpg\"\
        ,\n\t\t\t\t\"avatarmedium\": \"https://steamcdn-a.akamaihd.net/steamcommunity/public/images/avatars/87/871245d5280a9750a86c31c3a4e4ca455a60a4f4_medium.jpg\"\
        ,\n\t\t\t\t\"avatarfull\": \"https://steamcdn-a.akamaihd.net/steamcommunity/public/images/avatars/87/871245d5280a9750a86c31c3a4e4ca455a60a4f4_full.jpg\"\
        ,\n\t\t\t\t\"personastate\": 1,\n\t\t\t\t\"realname\": \"Shaun Gustafson\"\
        ,\n\t\t\t\t\"primaryclanid\": \"103582791433610290\",\n\t\t\t\t\"timecreated\"\
        : 1104266316,\n\t\t\t\t\"personastateflags\": 0,\n\t\t\t\t\"gameextrainfo\"\
        : \"Nimble Quest\",\n\t\t\t\t\"gameid\": \"259780\",\n\t\t\t\t\"loccountrycode\"\
        : \"US\"\n\t\t\t},\n\t\t\t{\n\t\t\t\t\"steamid\": \"76561198004046679\",\n\
        \t\t\t\t\"communityvisibilitystate\": 3,\n\t\t\t\t\"profilestate\": 1,\n\t\
        \t\t\t\"personaname\": \"g-man7722\",\n\t\t\t\t\"lastlogoff\": 1429545326,\n\
        \t\t\t\t\"profileurl\": \"http://steamcommunity.com/profiles/76561198004046679/\"\
        ,\n\t\t\t\t\"avatar\": \"https://steamcdn-a.akamaihd.net/steamcommunity/public/images/avatars/67/6741a8c7a18b8dadd79dcb45501230759f9d7e05.jpg\"\
        ,\n\t\t\t\t\"avatarmedium\": \"https://steamcdn-a.akamaihd.net/steamcommunity/public/images/avatars/67/6741a8c7a18b8dadd79dcb45501230759f9d7e05_medium.jpg\"\
        ,\n\t\t\t\t\"avatarfull\": \"https://steamcdn-a.akamaihd.net/steamcommunity/public/images/avatars/67/6741a8c7a18b8dadd79dcb45501230759f9d7e05_full.jpg\"\
        ,\n\t\t\t\t\"personastate\": 0,\n\t\t\t\t\"realname\": \"George Mikhail\"\
        ,\n\t\t\t\t\"primaryclanid\": \"103582791430785648\",\n\t\t\t\t\"timecreated\"\
        : 1229549632,\n\t\t\t\t\"personastateflags\": 0\n\t\t\t},\n\t\t\t{\n\t\t\t\
        \t\"steamid\": \"76561198011863996\",\n\t\t\t\t\"communityvisibilitystate\"\
        : 1,\n\t\t\t\t\"profilestate\": 1,\n\t\t\t\t\"personaname\": \"Randy\",\n\t\
        \t\t\t\"lastlogoff\": 1433364188,\n\t\t\t\t\"profileurl\": \"http://steamcommunity.com/id/RandyP/\"\
        ,\n\t\t\t\t\"avatar\": \"https://steamcdn-a.akamaihd.net/steamcommunity/public/images/avatars/fe/fef49e7fa7e1997310d705b2a6158ff8dc1cdfeb.jpg\"\
        ,\n\t\t\t\t\"avatarmedium\": \"https://steamcdn-a.akamaihd.net/steamcommunity/public/images/avatars/fe/fef49e7fa7e1997310d705b2a6158ff8dc1cdfeb_medium.jpg\"\
        ,\n\t\t\t\t\"avatarfull\": \"https://steamcdn-a.akamaihd.net/steamcommunity/public/images/avatars/fe/fef49e7fa7e1997310d705b2a6158ff8dc1cdfeb_full.jpg\"\
        ,\n\t\t\t\t\"personastate\": 0\n\t\t\t},\n\t\t\t{\n\t\t\t\t\"steamid\": \"\
        76561197977820643\",\n\t\t\t\t\"communityvisibilitystate\": 3,\n\t\t\t\t\"\
        profilestate\": 1,\n\t\t\t\t\"personaname\": \"thatskarobot\",\n\t\t\t\t\"\
        lastlogoff\": 1433294479,\n\t\t\t\t\"commentpermission\": 1,\n\t\t\t\t\"profileurl\"\
        : \"http://steamcommunity.com/profiles/76561197977820643/\",\n\t\t\t\t\"avatar\"\
        : \"https://steamcdn-a.akamaihd.net/steamcommunity/public/images/avatars/4b/4bbeffda09bbd8a9d399fc78701d5c19357c0ddd.jpg\"\
        ,\n\t\t\t\t\"avatarmedium\": \"https://steamcdn-a.akamaihd.net/steamcommunity/public/images/avatars/4b/4bbeffda09bbd8a9d399fc78701d5c19357c0ddd_medium.jpg\"\
        ,\n\t\t\t\t\"avatarfull\": \"https://steamcdn-a.akamaihd.net/steamcommunity/public/images/avatars/4b/4bbeffda09bbd8a9d399fc78701d5c19357c0ddd_full.jpg\"\
        ,\n\t\t\t\t\"personastate\": 3,\n\t\t\t\t\"primaryclanid\": \"103582791433381507\"\
        ,\n\t\t\t\t\"timecreated\": 1125461627,\n\t\t\t\t\"personastateflags\": 0\n\
        \t\t\t},\n\t\t\t{\n\t\t\t\t\"steamid\": \"76561198015860708\",\n\t\t\t\t\"\
        communityvisibilitystate\": 3,\n\t\t\t\t\"profilestate\": 1,\n\t\t\t\t\"personaname\"\
        : \"Fumio\",\n\t\t\t\t\"lastlogoff\": 1433315278,\n\t\t\t\t\"profileurl\"\
        : \"http://steamcommunity.com/profiles/76561198015860708/\",\n\t\t\t\t\"avatar\"\
        : \"https://steamcdn-a.akamaihd.net/steamcommunity/public/images/avatars/bd/bda68823f29351dfb33f08bb2b1479b217b44857.jpg\"\
        ,\n\t\t\t\t\"avatarmedium\": \"https://steamcdn-a.akamaihd.net/steamcommunity/public/images/avatars/bd/bda68823f29351dfb33f08bb2b1479b217b44857_medium.jpg\"\
        ,\n\t\t\t\t\"avatarfull\": \"https://steamcdn-a.akamaihd.net/steamcommunity/public/images/avatars/bd/bda68823f29351dfb33f08bb2b1479b217b44857_full.jpg\"\
        ,\n\t\t\t\t\"personastate\": 0,\n\t\t\t\t\"realname\": \"James\",\n\t\t\t\t\
        \"primaryclanid\": \"103582791431949543\",\n\t\t\t\t\"timecreated\": 1258050303,\n\
        \t\t\t\t\"personastateflags\": 0,\n\t\t\t\t\"loccountrycode\": \"US\",\n\t\
        \t\t\t\"locstatecode\": \"CA\",\n\t\t\t\t\"loccityid\": 483\n\t\t\t},\n\t\t\
        \t{\n\t\t\t\t\"steamid\": \"76561197971950003\",\n\t\t\t\t\"communityvisibilitystate\"\
        : 3,\n\t\t\t\t\"profilestate\": 1,\n\t\t\t\t\"personaname\": \"Shmoe\",\n\t\
        \t\t\t\"lastlogoff\": 1433385072,\n\t\t\t\t\"profileurl\": \"http://steamcommunity.com/id/joeshmoe57/\"\
        ,\n\t\t\t\t\"avatar\": \"https://steamcdn-a.akamaihd.net/steamcommunity/public/images/avatars/aa/aae4ef95fa9fbae6bed164e43376bb4d181bd05d.jpg\"\
        ,\n\t\t\t\t\"avatarmedium\": \"https://steamcdn-a.akamaihd.net/steamcommunity/public/images/avatars/aa/aae4ef95fa9fbae6bed164e43376bb4d181bd05d_medium.jpg\"\
        ,\n\t\t\t\t\"avatarfull\": \"https://steamcdn-a.akamaihd.net/steamcommunity/public/images/avatars/aa/aae4ef95fa9fbae6bed164e43376bb4d181bd05d_full.jpg\"\
        ,\n\t\t\t\t\"personastate\": 0,\n\t\t\t\t\"realname\": \"Joseph White\",\n\
        \t\t\t\t\"primaryclanid\": \"103582791429527069\",\n\t\t\t\t\"timecreated\"\
        : 1103344822,\n\t\t\t\t\"personastateflags\": 0,\n\t\t\t\t\"loccountrycode\"\
        : \"US\",\n\t\t\t\t\"locstatecode\": \"CA\",\n\t\t\t\t\"loccityid\": 511\n\
        \t\t\t},\n\t\t\t{\n\t\t\t\t\"steamid\": \"76561197995703478\",\n\t\t\t\t\"\
        communityvisibilitystate\": 3,\n\t\t\t\t\"profilestate\": 1,\n\t\t\t\t\"personaname\"\
        : \"Imminent Distraction\",\n\t\t\t\t\"lastlogoff\": 1366959790,\n\t\t\t\t\
        \"commentpermission\": 1,\n\t\t\t\t\"profileurl\": \"http://steamcommunity.com/profiles/76561197995703478/\"\
        ,\n\t\t\t\t\"avatar\": \"https://steamcdn-a.akamaihd.net/steamcommunity/public/images/avatars/90/903f1d54f74e05692b95a4d0bdef7b62f2a8e8ae.jpg\"\
        ,\n\t\t\t\t\"avatarmedium\": \"https://steamcdn-a.akamaihd.net/steamcommunity/public/images/avatars/90/903f1d54f74e05692b95a4d0bdef7b62f2a8e8ae_medium.jpg\"\
        ,\n\t\t\t\t\"avatarfull\": \"https://steamcdn-a.akamaihd.net/steamcommunity/public/images/avatars/90/903f1d54f74e05692b95a4d0bdef7b62f2a8e8ae_full.jpg\"\
        ,\n\t\t\t\t\"personastate\": 0,\n\t\t\t\t\"realname\": \"Damien\",\n\t\t\t\
        \t\"primaryclanid\": \"103582791432407017\",\n\t\t\t\t\"timecreated\": 1199953135,\n\
        \t\t\t\t\"personastateflags\": 0,\n\t\t\t\t\"loccountrycode\": \"US\",\n\t\
        \t\t\t\"locstatecode\": \"CA\"\n\t\t\t}\n\t\t]\n\t\t\n\t}\n}"}
    headers:
      content-length: ['10858']
      content-type: [application/json; charset=UTF-8]
      date: ['Thu, 04 Jun 2015 02:49:03 GMT']
      expires: ['Thu, 04 Jun 2015 02:49:03 GMT']
    status: {code: 200, message: OK}
- request:
    body: null
    headers:
      Accept: ['*/*']
      Accept-Encoding: ['gzip, deflate']
      Connection: [keep-alive]
      User-Agent: [python-requests/2.7.0 CPython/2.7.9 Darwin/14.3.0]
    method: GET
    uri: http://api.steampowered.com/IPlayerService/GetOwnedGames/v1?steamid=76561197969428769&include_played_free_games=1&include_appinfo=1&key=DA0509DA52BC706F282F2D315D3C61BB&format=json
  response:
    body: {string: "{\n\t\"response\": {\n\t\t\"game_count\": 103,\n\t\t\"games\"\
        : [\n\t\t\t{\n\t\t\t\t\"appid\": 10,\n\t\t\t\t\"name\": \"Counter-Strike\"\
        ,\n\t\t\t\t\"playtime_forever\": 0,\n\t\t\t\t\"img_icon_url\": \"6b0312cda02f5f777efa2f3318c307ff9acafbb5\"\
        ,\n\t\t\t\t\"img_logo_url\": \"af890f848dd606ac2fd4415de3c3f5e7a66fcb9f\"\
        ,\n\t\t\t\t\"has_community_visible_stats\": true\n\t\t\t},\n\t\t\t{\n\t\t\t\
        \t\"appid\": 20,\n\t\t\t\t\"name\": \"Team Fortress Classic\",\n\t\t\t\t\"\
        playtime_forever\": 0,\n\t\t\t\t\"img_icon_url\": \"38ea7ebe3c1abbbbf4eabdbef174c41a972102b9\"\
        ,\n\t\t\t\t\"img_logo_url\": \"515bc393c861d91b9165f0697040c015f50bcb5e\"\
        ,\n\t\t\t\t\"has_community_visible_stats\": true\n\t\t\t},\n\t\t\t{\n\t\t\t\
        \t\"appid\": 30,\n\t\t\t\t\"name\": \"Day of Defeat\",\n\t\t\t\t\"playtime_forever\"\
        : 0,\n\t\t\t\t\"img_icon_url\": \"aadc0ce51ff6ba2042d633f8ec033b0de62091d0\"\
        ,\n\t\t\t\t\"img_logo_url\": \"beff21c4d29d2579e794c930bae599cd0c8a8f17\"\
        ,\n\t\t\t\t\"has_community_visible_stats\": true\n\t\t\t},\n\t\t\t{\n\t\t\t\
        \t\"appid\": 40,\n\t\t\t\t\"name\": \"Deathmatch Classic\",\n\t\t\t\t\"playtime_forever\"\
        : 0,\n\t\t\t\t\"img_icon_url\": \"c525f76c8bc7353db4fd74b128c4ae2028426c2a\"\
        ,\n\t\t\t\t\"img_logo_url\": \"4bb69695ef9d0ae73e73488fb6456aa4ea1215fa\"\n\
        \t\t\t},\n\t\t\t{\n\t\t\t\t\"appid\": 50,\n\t\t\t\t\"name\": \"Half-Life:\
        \ Opposing Force\",\n\t\t\t\t\"playtime_forever\": 0,\n\t\t\t\t\"img_icon_url\"\
        : \"04e81206c10e12416908c72c5f22aad411b3aeef\",\n\t\t\t\t\"img_logo_url\"\
        : \"bb696ddfd8f8ef0892d5f2154d8617528d3cc2ec\"\n\t\t\t},\n\t\t\t{\n\t\t\t\t\
        \"appid\": 60,\n\t\t\t\t\"name\": \"Ricochet\",\n\t\t\t\t\"playtime_forever\"\
        : 0,\n\t\t\t\t\"img_icon_url\": \"98c69e04cd59b838e05cb6980c12c05874c6419e\"\
        ,\n\t\t\t\t\"img_logo_url\": \"f7a039402735c2dea82cbd412340873535e2be4c\"\
        ,\n\t\t\t\t\"has_community_visible_stats\": true\n\t\t\t},\n\t\t\t{\n\t\t\t\
        \t\"appid\": 70,\n\t\t\t\t\"name\": \"Half-Life\",\n\t\t\t\t\"playtime_forever\"\
        : 0,\n\t\t\t\t\"img_icon_url\": \"95be6d131fc61f145797317ca437c9765f24b41c\"\
        ,\n\t\t\t\t\"img_logo_url\": \"6bd76ff700a8c7a5460fbae3cf60cb930279897d\"\
        ,\n\t\t\t\t\"has_community_visible_stats\": true\n\t\t\t},\n\t\t\t{\n\t\t\t\
        \t\"appid\": 80,\n\t\t\t\t\"name\": \"Counter-Strike: Condition Zero\",\n\t\
        \t\t\t\"playtime_forever\": 0,\n\t\t\t\t\"img_icon_url\": \"077b050ef3e89cd84e2c5a575d78d53b54058236\"\
        ,\n\t\t\t\t\"img_logo_url\": \"acdb28ba1b4c2fcc526332c1b63fc0f7533f087f\"\n\
        \t\t\t},\n\t\t\t{\n\t\t\t\t\"appid\": 100,\n\t\t\t\t\"name\": \"Counter-Strike:\
        \ Condition Zero Deleted Scenes\",\n\t\t\t\t\"playtime_forever\": 0,\n\t\t\
        \t\t\"img_icon_url\": \"077b050ef3e89cd84e2c5a575d78d53b54058236\",\n\t\t\t\
        \t\"img_logo_url\": \"acdb28ba1b4c2fcc526332c1b63fc0f7533f087f\"\n\t\t\t},\n\
        \t\t\t{\n\t\t\t\t\"appid\": 130,\n\t\t\t\t\"name\": \"Half-Life: Blue Shift\"\
        ,\n\t\t\t\t\"playtime_forever\": 0,\n\t\t\t\t\"img_icon_url\": \"b06fdee488b3220362c11704be4edad82abeed08\"\
        ,\n\t\t\t\t\"img_logo_url\": \"927d38e83e3e4ca218a0fc7b32515eeb99aa8ff7\"\n\
        \t\t\t},\n\t\t\t{\n\t\t\t\t\"appid\": 220,\n\t\t\t\t\"name\": \"Half-Life\
        \ 2\",\n\t\t\t\t\"playtime_forever\": 118,\n\t\t\t\t\"img_icon_url\": \"fcfb366051782b8ebf2aa297f3b746395858cb62\"\
        ,\n\t\t\t\t\"img_logo_url\": \"e4ad9cf1b7dc8475c1118625daf9abd4bdcbcad0\"\
        ,\n\t\t\t\t\"has_community_visible_stats\": true\n\t\t\t},\n\t\t\t{\n\t\t\t\
        \t\"appid\": 240,\n\t\t\t\t\"name\": \"Counter-Strike: Source\",\n\t\t\t\t\
        \"playtime_forever\": 141,\n\t\t\t\t\"img_icon_url\": \"9052fa60c496a1c03383b27687ec50f4bf0f0e10\"\
        ,\n\t\t\t\t\"img_logo_url\": \"ee97d0dbf3e5d5d59e69dc20b98ed9dc8cad5283\"\
        ,\n\t\t\t\t\"has_community_visible_stats\": true\n\t\t\t},\n\t\t\t{\n\t\t\t\
        \t\"appid\": 280,\n\t\t\t\t\"name\": \"Half-Life: Source\",\n\t\t\t\t\"playtime_forever\"\
        : 0,\n\t\t\t\t\"img_icon_url\": \"b4f572a6cc5a6a84ae84634c31414b9123d2f26b\"\
        ,\n\t\t\t\t\"img_logo_url\": \"a612dd944b768e55389140298dcfda2165db8ced\"\
        ,\n\t\t\t\t\"has_community_visible_stats\": true\n\t\t\t},\n\t\t\t{\n\t\t\t\
        \t\"appid\": 300,\n\t\t\t\t\"name\": \"Day of Defeat: Source\",\n\t\t\t\t\"\
        playtime_forever\": 0,\n\t\t\t\t\"img_icon_url\": \"062754bb5853b0534283ae27dc5d58200692b22d\"\
        ,\n\t\t\t\t\"img_logo_url\": \"e3a4313690bd551495a88e1c01951eb26cec7611\"\
        ,\n\t\t\t\t\"has_community_visible_stats\": true\n\t\t\t},\n\t\t\t{\n\t\t\t\
        \t\"appid\": 320,\n\t\t\t\t\"name\": \"Half-Life 2: Deathmatch\",\n\t\t\t\t\
        \"playtime_forever\": 0,\n\t\t\t\t\"img_icon_url\": \"795e85364189511f4990861b578084deef086cb1\"\
        ,\n\t\t\t\t\"img_logo_url\": \"6dd9f66771300f2252d411e50739a1ceae9e5b30\"\
        ,\n\t\t\t\t\"has_community_visible_stats\": true\n\t\t\t},\n\t\t\t{\n\t\t\t\
        \t\"appid\": 340,\n\t\t\t\t\"name\": \"Half-Life 2: Lost Coast\",\n\t\t\t\t\
        \"playtime_forever\": 0,\n\t\t\t\t\"img_icon_url\": \"795e85364189511f4990861b578084deef086cb1\"\
        ,\n\t\t\t\t\"img_logo_url\": \"867cce5c4f37d5ed4aeffb57c60e220ddffe4134\"\n\
        \t\t\t},\n\t\t\t{\n\t\t\t\t\"appid\": 360,\n\t\t\t\t\"name\": \"Half-Life\
        \ Deathmatch: Source\",\n\t\t\t\t\"playtime_forever\": 0,\n\t\t\t\t\"img_icon_url\"\
        : \"40b8a62efff5a9ab356e5c56f5c8b0532c8e1aa3\",\n\t\t\t\t\"img_logo_url\"\
        : \"9a5b7119d4e8977fffcd370d3c24036be7cee904\"\n\t\t\t},\n\t\t\t{\n\t\t\t\t\
        \"appid\": 1002,\n\t\t\t\t\"name\": \"Rag Doll Kung Fu\",\n\t\t\t\t\"playtime_forever\"\
        : 0,\n\t\t\t\t\"img_icon_url\": \"59e302e982bedbe07b75ca570eb9ed888ec60a67\"\
        ,\n\t\t\t\t\"img_logo_url\": \"afb369b893de7864d2fe91e7facf907d6714735c\"\n\
        \t\t\t},\n\t\t\t{\n\t\t\t\t\"appid\": 1500,\n\t\t\t\t\"name\": \"Darwinia\"\
        ,\n\t\t\t\t\"playtime_forever\": 0,\n\t\t\t\t\"img_icon_url\": \"912683e5813f331ef5bf9022be53922c2cb39a2a\"\
        ,\n\t\t\t\t\"img_logo_url\": \"95d9dcf203e92facca106dc081824673850ad024\"\n\
        \t\t\t},\n\t\t\t{\n\t\t\t\t\"appid\": 2590,\n\t\t\t\t\"name\": \"Alpha Prime\"\
        ,\n\t\t\t\t\"playtime_forever\": 13,\n\t\t\t\t\"img_icon_url\": \"fb316269a3269fcba38fb54d3c171ce8f1f786fc\"\
        ,\n\t\t\t\t\"img_logo_url\": \"92c3c26d8685580017913cf1a4a8fccea3d24d3d\"\n\
        \t\t\t},\n\t\t\t{\n\t\t\t\t\"appid\": 17410,\n\t\t\t\t\"name\": \"Mirror's\
        \ Edge\",\n\t\t\t\t\"playtime_forever\": 107,\n\t\t\t\t\"img_icon_url\": \"\
        cfea4731163004b2e5117c3b42a798c48c483d8f\",\n\t\t\t\t\"img_logo_url\": \"\
        8c5a900802fabf20a7922c6a69cec9320c940514\"\n\t\t\t},\n\t\t\t{\n\t\t\t\t\"\
        appid\": 400,\n\t\t\t\t\"name\": \"Portal\",\n\t\t\t\t\"playtime_forever\"\
        : 0,\n\t\t\t\t\"img_icon_url\": \"cfa928ab4119dd137e50d728e8fe703e4e970aff\"\
        ,\n\t\t\t\t\"img_logo_url\": \"4184d4c0d915bd3a45210667f7b25361352acd8f\"\
        ,\n\t\t\t\t\"has_community_visible_stats\": true\n\t\t\t},\n\t\t\t{\n\t\t\t\
        \t\"appid\": 550,\n\t\t\t\t\"name\": \"Left 4 Dead 2\",\n\t\t\t\t\"playtime_forever\"\
        : 11,\n\t\t\t\t\"img_icon_url\": \"7d5a243f9500d2f8467312822f8af2a2928777ed\"\
        ,\n\t\t\t\t\"img_logo_url\": \"205863cc21e751a576d6fff851984b3170684142\"\
        ,\n\t\t\t\t\"has_community_visible_stats\": true\n\t\t\t},\n\t\t\t{\n\t\t\t\
        \t\"appid\": 223530,\n\t\t\t\t\"name\": \"Left 4 Dead 2 Beta\",\n\t\t\t\t\"\
        playtime_forever\": 0,\n\t\t\t\t\"img_icon_url\": \"\",\n\t\t\t\t\"img_logo_url\"\
        : \"\"\n\t\t\t},\n\t\t\t{\n\t\t\t\t\"appid\": 33930,\n\t\t\t\t\"name\": \"\
        Arma 2: Operation Arrowhead\",\n\t\t\t\t\"playtime_forever\": 1182,\n\t\t\t\
        \t\"img_icon_url\": \"32431d84014bf4652181f45bc7c06f1ca3f34363\",\n\t\t\t\t\
        \"img_logo_url\": \"c5eaa05810878e600d117be1c96107a20cd9b262\",\n\t\t\t\t\"\
        has_community_visible_stats\": true\n\t\t\t},\n\t\t\t{\n\t\t\t\t\"appid\"\
        : 219540,\n\t\t\t\t\"name\": \"Arma 2: Operation Arrowhead Beta (Obsolete)\"\
        ,\n\t\t\t\t\"playtime_forever\": 2,\n\t\t\t\t\"img_icon_url\": \"32431d84014bf4652181f45bc7c06f1ca3f34363\"\
        ,\n\t\t\t\t\"img_logo_url\": \"c2ea07874fb1a776e4c5bfc659e5f296d656777d\"\n\
        \t\t\t},\n\t\t\t{\n\t\t\t\t\"appid\": 21130,\n\t\t\t\t\"name\": \"Lego Harry\
        \ Potter\",\n\t\t\t\t\"playtime_forever\": 57,\n\t\t\t\t\"img_icon_url\":\
        \ \"49af7348b4b6c51181c6210cb91b858d497610a2\",\n\t\t\t\t\"img_logo_url\"\
        : \"9dfca0698223838d7042fe5e28184e4dae96c996\"\n\t\t\t},\n\t\t\t{\n\t\t\t\t\
        \"appid\": 33950,\n\t\t\t\t\"name\": \"The Fish Fillets 2\",\n\t\t\t\t\"playtime_forever\"\
        : 0,\n\t\t\t\t\"img_icon_url\": \"b5f8e9243fab4c40b6ac9f64be603aabf8697a76\"\
        ,\n\t\t\t\t\"img_logo_url\": \"312cd8e71c376dc35de10b959340f7a00d58033c\"\n\
        \t\t\t},\n\t\t\t{\n\t\t\t\t\"appid\": 2500,\n\t\t\t\t\"name\": \"Shadowgrounds\"\
        ,\n\t\t\t\t\"playtime_forever\": 0,\n\t\t\t\t\"img_icon_url\": \"76d859ecb19f27dfa273a7934950b8f99fbd7daa\"\
        ,\n\t\t\t\t\"img_logo_url\": \"fcfe37ec2441bd95f1cd1bb5c527487f0690f9cf\"\
        ,\n\t\t\t\t\"has_community_visible_stats\": true\n\t\t\t},\n\t\t\t{\n\t\t\t\
        \t\"appid\": 11200,\n\t\t\t\t\"name\": \"Shadowgrounds: Survivor\",\n\t\t\t\
        \t\"playtime_forever\": 0,\n\t\t\t\t\"img_icon_url\": \"1ee715282057bea412bbd92847af544ec4423c1c\"\
        ,\n\t\t\t\t\"img_logo_url\": \"3dfd459a6d12f9a93ac9fdeaa09052084a7330ba\"\
        ,\n\t\t\t\t\"has_community_visible_stats\": true\n\t\t\t},\n\t\t\t{\n\t\t\t\
        \t\"appid\": 35700,\n\t\t\t\t\"name\": \"Trine\",\n\t\t\t\t\"playtime_forever\"\
        : 0,\n\t\t\t\t\"img_icon_url\": \"298185d8ef9d688fe96a5fa15ee8174892f1c000\"\
        ,\n\t\t\t\t\"img_logo_url\": \"b4cc556db2d1101effb23e576aaeeb3b799157c6\"\
        ,\n\t\t\t\t\"has_community_visible_stats\": true\n\t\t\t},\n\t\t\t{\n\t\t\t\
        \t\"appid\": 65790,\n\t\t\t\t\"name\": \"Arma: Cold War Assault\",\n\t\t\t\
        \t\"playtime_forever\": 0,\n\t\t\t\t\"img_icon_url\": \"5ab8e51f1ec9ea4f2524ccff87106a187bdcd52b\"\
        ,\n\t\t\t\t\"img_logo_url\": \"0646bac7ae94d0660b91f8b9b47573ef51358549\"\n\
        \t\t\t},\n\t\t\t{\n\t\t\t\t\"appid\": 55230,\n\t\t\t\t\"name\": \"Saints Row:\
        \ The Third\",\n\t\t\t\t\"playtime_forever\": 1045,\n\t\t\t\t\"img_icon_url\"\
        : \"ec83645f13643999e7c91da75d418053d6b56529\",\n\t\t\t\t\"img_logo_url\"\
        : \"1129528455a8b297fb6404cbb90e802a62881b11\",\n\t\t\t\t\"has_community_visible_stats\"\
        : true\n\t\t\t},\n\t\t\t{\n\t\t\t\t\"appid\": 65730,\n\t\t\t\t\"name\": \"\
        Take On Helicopters\",\n\t\t\t\t\"playtime_forever\": 0,\n\t\t\t\t\"img_icon_url\"\
        : \"f1886b3d88f07d962dcf75e1aaa3253dc94dbbe6\",\n\t\t\t\t\"img_logo_url\"\
        : \"54d773172b607d199402bf1032f7f6e77efc4a12\"\n\t\t\t},\n\t\t\t{\n\t\t\t\t\
        \"appid\": 72850,\n\t\t\t\t\"name\": \"The Elder Scrolls V: Skyrim\",\n\t\t\
        \t\t\"playtime_forever\": 3204,\n\t\t\t\t\"img_icon_url\": \"b9aca8a189abd8d6aaf09047dbb0f57582683e1c\"\
        ,\n\t\t\t\t\"img_logo_url\": \"c5af3cde13610fca25cd17634a96d72487d21e74\"\
        ,\n\t\t\t\t\"has_community_visible_stats\": true\n\t\t\t},\n\t\t\t{\n\t\t\t\
        \t\"appid\": 207610,\n\t\t\t\t\"name\": \"The Walking Dead\",\n\t\t\t\t\"\
        playtime_forever\": 377,\n\t\t\t\t\"img_icon_url\": \"87a13ae0a2a76488792924aa8bb0dd8a7760f931\"\
        ,\n\t\t\t\t\"img_logo_url\": \"6d756726214dd97c54966814d58508b86d5eabcf\"\
        ,\n\t\t\t\t\"has_community_visible_stats\": true\n\t\t\t},\n\t\t\t{\n\t\t\t\
        \t\"appid\": 209080,\n\t\t\t\t\"name\": \"Guns of Icarus Online\",\n\t\t\t\
        \t\"playtime_forever\": 0,\n\t\t\t\t\"img_icon_url\": \"968e8c0b7a55f0229392278123dfd486140c9421\"\
        ,\n\t\t\t\t\"img_logo_url\": \"925b7c2a6b698144622bed4bd2d0086114df2fa9\"\
        ,\n\t\t\t\t\"has_community_visible_stats\": true\n\t\t\t},\n\t\t\t{\n\t\t\t\
        \t\"appid\": 1510,\n\t\t\t\t\"name\": \"Uplink\",\n\t\t\t\t\"playtime_forever\"\
        : 49,\n\t\t\t\t\"img_icon_url\": \"3f24e709b546f06641586190a6a84be791161830\"\
        ,\n\t\t\t\t\"img_logo_url\": \"80982651e79b8556f04e0c0012e65f7c9b6850f2\"\n\
        \t\t\t},\n\t\t\t{\n\t\t\t\t\"appid\": 63700,\n\t\t\t\t\"name\": \"BIT.TRIP\
        \ BEAT\",\n\t\t\t\t\"playtime_forever\": 0,\n\t\t\t\t\"img_icon_url\": \"\
        f35ab587d22fb122c87579fa973a899ecebfde8e\",\n\t\t\t\t\"img_logo_url\": \"\
        86e3cdec2b272f630385b89c7b2bba3ff422c421\",\n\t\t\t\t\"has_community_visible_stats\"\
        : true\n\t\t\t},\n\t\t\t{\n\t\t\t\t\"appid\": 92800,\n\t\t\t\t\"name\": \"\
        SpaceChem\",\n\t\t\t\t\"playtime_forever\": 0,\n\t\t\t\t\"img_icon_url\":\
        \ \"29b26fc0eb22ebbeeeed1e4658dcbc6b837279c7\",\n\t\t\t\t\"img_logo_url\"\
        : \"5ffbf030cd3e3af293e0509df7be6f9b2a159ca8\",\n\t\t\t\t\"has_community_visible_stats\"\
        : true\n\t\t\t},\n\t\t\t{\n\t\t\t\t\"appid\": 209690,\n\t\t\t\t\"name\": \"\
        Fieldrunners\",\n\t\t\t\t\"playtime_forever\": 0,\n\t\t\t\t\"img_icon_url\"\
        : \"734bc6549b22acd77c59ed6508ebe701899a5fe1\",\n\t\t\t\t\"img_logo_url\"\
        : \"0261c53f4b143b7e6b3b214f631dee9e93fc34b0\",\n\t\t\t\t\"has_community_visible_stats\"\
        : true\n\t\t\t},\n\t\t\t{\n\t\t\t\t\"appid\": 200260,\n\t\t\t\t\"name\": \"\
        Batman: Arkham City GOTY\",\n\t\t\t\t\"playtime_forever\": 709,\n\t\t\t\t\"\
        img_icon_url\": \"746ecf3ce44b2525eb7ad643e76a3b60913d2662\",\n\t\t\t\t\"\
        img_logo_url\": \"9b229e12fd5ce27bd101d5862c19b1a6e3d01239\",\n\t\t\t\t\"\
        has_community_visible_stats\": true\n\t\t\t},\n\t\t\t{\n\t\t\t\t\"appid\"\
        : 49520,\n\t\t\t\t\"name\": \"Borderlands 2\",\n\t\t\t\t\"playtime_forever\"\
        : 32,\n\t\t\t\t\"img_icon_url\": \"a3f4945226e69b6196074df4c776e342d3e5a3be\"\
        ,\n\t\t\t\t\"img_logo_url\": \"86b0fa5ddb41b4dfff7df194a017f3418130d668\"\
        ,\n\t\t\t\t\"has_community_visible_stats\": true\n\t\t\t},\n\t\t\t{\n\t\t\t\
        \t\"appid\": 65740,\n\t\t\t\t\"name\": \"Carrier Command: Gaea Mission\",\n\
        \t\t\t\t\"playtime_forever\": 111,\n\t\t\t\t\"img_icon_url\": \"3ece389bbbffc9ad64390090551c2d9eea8848f2\"\
        ,\n\t\t\t\t\"img_logo_url\": \"484c55890cb90f8ecd47b848fdbf123200b26c31\"\
        ,\n\t\t\t\t\"has_community_visible_stats\": true\n\t\t\t},\n\t\t\t{\n\t\t\t\
        \t\"appid\": 205100,\n\t\t\t\t\"name\": \"Dishonored\",\n\t\t\t\t\"playtime_forever\"\
        : 0,\n\t\t\t\t\"img_icon_url\": \"74f8ee1ba536e0759e64a9bf801fc013e16c8dd1\"\
        ,\n\t\t\t\t\"img_logo_url\": \"b94f5ff693304b7f70f88403d444686c4af3b940\"\
        ,\n\t\t\t\t\"has_community_visible_stats\": true\n\t\t\t},\n\t\t\t{\n\t\t\t\
        \t\"appid\": 214560,\n\t\t\t\t\"name\": \"Mark of the Ninja\",\n\t\t\t\t\"\
        playtime_forever\": 0,\n\t\t\t\t\"img_icon_url\": \"220f33169c93c2f6381cd785399fb52bfc79309f\"\
        ,\n\t\t\t\t\"img_logo_url\": \"c20501309696e5bcda98e9e4f2649abc5720a1d1\"\
        ,\n\t\t\t\t\"has_community_visible_stats\": true\n\t\t\t},\n\t\t\t{\n\t\t\t\
        \t\"appid\": 211400,\n\t\t\t\t\"name\": \"Deadlight\",\n\t\t\t\t\"playtime_forever\"\
        : 0,\n\t\t\t\t\"img_icon_url\": \"9a2dc288d16b2b46c4c235e0fc09e2acda030944\"\
        ,\n\t\t\t\t\"img_logo_url\": \"999ca8e7a742d1eff2cb6708dd12036952b31163\"\
        ,\n\t\t\t\t\"has_community_visible_stats\": true\n\t\t\t},\n\t\t\t{\n\t\t\t\
        \t\"appid\": 203140,\n\t\t\t\t\"name\": \"Hitman: Absolution\",\n\t\t\t\t\"\
        playtime_forever\": 910,\n\t\t\t\t\"img_icon_url\": \"fe5e36ac1548793eb48b6b25b701b37d86fb94a3\"\
        ,\n\t\t\t\t\"img_logo_url\": \"b86fc98f1d9d4339deff8a1cf117cc3c7080ff55\"\
        ,\n\t\t\t\t\"has_community_visible_stats\": true\n\t\t\t},\n\t\t\t{\n\t\t\t\
        \t\"appid\": 205930,\n\t\t\t\t\"name\": \"Hitman: Sniper Challenge\",\n\t\t\
        \t\t\"playtime_forever\": 0,\n\t\t\t\t\"img_icon_url\": \"756d0ca797b4c8a1340dd73bf49b0bb0656a1802\"\
        ,\n\t\t\t\t\"img_logo_url\": \"16c46e3680624cb22aa0a2c9d113f6e07f11bcbf\"\
        ,\n\t\t\t\t\"has_community_visible_stats\": true\n\t\t\t},\n\t\t\t{\n\t\t\t\
        \t\"appid\": 4560,\n\t\t\t\t\"name\": \"Company of Heroes\",\n\t\t\t\t\"playtime_forever\"\
        : 0,\n\t\t\t\t\"img_icon_url\": \"64946619217da497c9b29bc817bb40dd7d28c912\"\
        ,\n\t\t\t\t\"img_logo_url\": \"e12e8695c6766b47a089351dd9c4531e669c2a7b\"\n\
        \t\t\t},\n\t\t\t{\n\t\t\t\t\"appid\": 9340,\n\t\t\t\t\"name\": \"Company of\
        \ Heroes: Opposing Fronts\",\n\t\t\t\t\"playtime_forever\": 0,\n\t\t\t\t\"\
        img_icon_url\": \"29725d719946c3e1aa4eea15d262c9fd789c1392\",\n\t\t\t\t\"\
        img_logo_url\": \"830c99099ea2cfecfe74c41f376fc892a09dd181\"\n\t\t\t},\n\t\
        \t\t{\n\t\t\t\t\"appid\": 20540,\n\t\t\t\t\"name\": \"Company of Heroes: Tales\
        \ of Valor\",\n\t\t\t\t\"playtime_forever\": 0,\n\t\t\t\t\"img_icon_url\"\
        : \"64946619217da497c9b29bc817bb40dd7d28c912\",\n\t\t\t\t\"img_logo_url\"\
        : \"ed0c55412acea558d025a3e238e2b7341edc5c41\"\n\t\t\t},\n\t\t\t{\n\t\t\t\t\
        \"appid\": 43110,\n\t\t\t\t\"name\": \"Metro 2033\",\n\t\t\t\t\"playtime_forever\"\
        : 0,\n\t\t\t\t\"img_icon_url\": \"a70fe6dc214f24107d20596f3040dbfa220ed42d\"\
        ,\n\t\t\t\t\"img_logo_url\": \"df9a163ac1f28dfc84c93a6fc0dc51719eaef518\"\
        ,\n\t\t\t\t\"has_community_visible_stats\": true\n\t\t\t},\n\t\t\t{\n\t\t\t\
        \t\"appid\": 50620,\n\t\t\t\t\"name\": \"Darksiders\",\n\t\t\t\t\"playtime_forever\"\
        : 0,\n\t\t\t\t\"img_icon_url\": \"e429cee10d864faf2aae2ea9cd75e8e1942fbe08\"\
        ,\n\t\t\t\t\"img_logo_url\": \"14bd29bc9b291081b63258e3bfbbf5bb655c2347\"\
        ,\n\t\t\t\t\"has_community_visible_stats\": true\n\t\t\t},\n\t\t\t{\n\t\t\t\
        \t\"appid\": 55110,\n\t\t\t\t\"name\": \"Red Faction: Armageddon\",\n\t\t\t\
        \t\"playtime_forever\": 0,\n\t\t\t\t\"img_icon_url\": \"e59c7e741c05c9071176b270bdbb733afe55c751\"\
        ,\n\t\t\t\t\"img_logo_url\": \"19f894d0e08dff8e284d4facc5968a1025da997d\"\
        ,\n\t\t\t\t\"has_community_visible_stats\": true\n\t\t\t},\n\t\t\t{\n\t\t\t\
        \t\"appid\": 228200,\n\t\t\t\t\"name\": \"Company of Heroes (New Steam Version)\"\
        ,\n\t\t\t\t\"playtime_forever\": 0,\n\t\t\t\t\"img_icon_url\": \"df92dc239acb3cf5d3e3eba645f3df2aaf7f91ad\"\
        ,\n\t\t\t\t\"img_logo_url\": \"87aa009e93d5aa56a55d0e9056708d018ddd6483\"\
        ,\n\t\t\t\t\"has_community_visible_stats\": true\n\t\t\t},\n\t\t\t{\n\t\t\t\
        \t\"appid\": 12100,\n\t\t\t\t\"name\": \"Grand Theft Auto III\",\n\t\t\t\t\
        \"playtime_forever\": 0,\n\t\t\t\t\"img_icon_url\": \"646c4b3bc16b6726e190b7a29717c4b71f9abc7d\"\
        ,\n\t\t\t\t\"img_logo_url\": \"0e73825e3abd7bfe43b55a49bbcb862aee7c2e71\"\
        ,\n\t\t\t\t\"has_community_visible_stats\": true\n\t\t\t},\n\t\t\t{\n\t\t\t\
        \t\"appid\": 12110,\n\t\t\t\t\"name\": \"Grand Theft Auto: Vice City\",\n\t\
        \t\t\t\"playtime_forever\": 0,\n\t\t\t\t\"img_icon_url\": \"5f7423da14152cfbe201103ceba3112988624a98\"\
        ,\n\t\t\t\t\"img_logo_url\": \"6ba37ecba052f89c72272dd28b2daa89087a7eb3\"\
        ,\n\t\t\t\t\"has_community_visible_stats\": true\n\t\t\t},\n\t\t\t{\n\t\t\t\
        \t\"appid\": 12120,\n\t\t\t\t\"name\": \"Grand Theft Auto: San Andreas\",\n\
        \t\t\t\t\"playtime_forever\": 0,\n\t\t\t\t\"img_icon_url\": \"895e9391da2b8155989022d9dd95b12e09766375\"\
        ,\n\t\t\t\t\"img_logo_url\": \"32e2d1d2054295603724f30c81c3cf46dc6392c0\"\
        ,\n\t\t\t\t\"has_community_visible_stats\": true\n\t\t\t},\n\t\t\t{\n\t\t\t\
        \t\"appid\": 12170,\n\t\t\t\t\"name\": \"Grand Theft Auto\",\n\t\t\t\t\"playtime_forever\"\
        : 0,\n\t\t\t\t\"img_icon_url\": \"05170ada07df182d63e1f341b4e97e49a6749db5\"\
        ,\n\t\t\t\t\"img_logo_url\": \"7aa48bc3166266e3eadc75603229c3423ee5fb77\"\
        ,\n\t\t\t\t\"has_community_visible_stats\": true\n\t\t\t},\n\t\t\t{\n\t\t\t\
        \t\"appid\": 12180,\n\t\t\t\t\"name\": \"Grand Theft Auto 2\",\n\t\t\t\t\"\
        playtime_forever\": 0,\n\t\t\t\t\"img_icon_url\": \"f88776c0d065fa4990da9a4c280e70b40593c3af\"\
        ,\n\t\t\t\t\"img_logo_url\": \"2d694ee5a4f8ad23cbd20899e03481ef4a3a3c75\"\
        ,\n\t\t\t\t\"has_community_visible_stats\": true\n\t\t\t},\n\t\t\t{\n\t\t\t\
        \t\"appid\": 12210,\n\t\t\t\t\"name\": \"Grand Theft Auto IV\",\n\t\t\t\t\"\
        playtime_forever\": 0,\n\t\t\t\t\"img_icon_url\": \"a3cf6a64c73f991898a9e34681d0db8226eaa191\"\
        ,\n\t\t\t\t\"img_logo_url\": \"47fb2a3e0763be24e49662591d6e076c58b2178d\"\
        ,\n\t\t\t\t\"has_community_visible_stats\": true\n\t\t\t},\n\t\t\t{\n\t\t\t\
        \t\"appid\": 12220,\n\t\t\t\t\"name\": \"Grand Theft Auto: Episodes from Liberty\
        \ City\",\n\t\t\t\t\"playtime_forever\": 0,\n\t\t\t\t\"img_icon_url\": \"\
        603a444d9092d007f2d9640d12ebba62b1efc377\",\n\t\t\t\t\"img_logo_url\": \"\
        40d1512d5922313878298c3731ffc066091a113a\",\n\t\t\t\t\"has_community_visible_stats\"\
        : true\n\t\t\t},\n\t\t\t{\n\t\t\t\t\"appid\": 12230,\n\t\t\t\t\"name\": \"\
        Grand Theft Auto III\",\n\t\t\t\t\"playtime_forever\": 0,\n\t\t\t\t\"img_icon_url\"\
        : \"\",\n\t\t\t\t\"img_logo_url\": \"0e73825e3abd7bfe43b55a49bbcb862aee7c2e71\"\
        ,\n\t\t\t\t\"has_community_visible_stats\": true\n\t\t\t},\n\t\t\t{\n\t\t\t\
        \t\"appid\": 12240,\n\t\t\t\t\"name\": \"Grand Theft Auto: Vice City\",\n\t\
        \t\t\t\"playtime_forever\": 0,\n\t\t\t\t\"img_icon_url\": \"\",\n\t\t\t\t\"\
        img_logo_url\": \"6ba37ecba052f89c72272dd28b2daa89087a7eb3\",\n\t\t\t\t\"\
        has_community_visible_stats\": true\n\t\t\t},\n\t\t\t{\n\t\t\t\t\"appid\"\
        : 12250,\n\t\t\t\t\"name\": \"Grand Theft Auto: San Andreas\",\n\t\t\t\t\"\
        playtime_forever\": 0,\n\t\t\t\t\"img_icon_url\": \"\",\n\t\t\t\t\"img_logo_url\"\
        : \"32e2d1d2054295603724f30c81c3cf46dc6392c0\",\n\t\t\t\t\"has_community_visible_stats\"\
        : true\n\t\t\t},\n\t\t\t{\n\t\t\t\t\"appid\": 203160,\n\t\t\t\t\"name\": \"\
        Tomb Raider\",\n\t\t\t\t\"playtime_forever\": 175,\n\t\t\t\t\"img_icon_url\"\
        : \"3ee640a8aba6992678e36f4e40cba9c71c02348b\",\n\t\t\t\t\"img_logo_url\"\
        : \"495f7d723659add6ea476b3699be5424282ac4b8\",\n\t\t\t\t\"has_community_visible_stats\"\
        : true\n\t\t\t},\n\t\t\t{\n\t\t\t\t\"appid\": 8870,\n\t\t\t\t\"name\": \"\
        BioShock Infinite\",\n\t\t\t\t\"playtime_forever\": 682,\n\t\t\t\t\"img_icon_url\"\
        : \"4ebaf5f9ee74f50152f7ff361debef7553fa0e4e\",\n\t\t\t\t\"img_logo_url\"\
        : \"870bb889e192cf8d31876ed04d329a5d51c6fc2c\",\n\t\t\t\t\"has_community_visible_stats\"\
        : true\n\t\t\t},\n\t\t\t{\n\t\t\t\t\"appid\": 223850,\n\t\t\t\t\"name\": \"\
        3DMark\",\n\t\t\t\t\"playtime_forever\": 2,\n\t\t\t\t\"img_icon_url\": \"\
        ea1a6e0c0d7451cf5a39210a4de30f7edfc214ca\",\n\t\t\t\t\"img_logo_url\": \"\
        058a8a15c2699b6c70804a38d6764857450774d8\",\n\t\t\t\t\"has_community_visible_stats\"\
        : true\n\t\t\t},\n\t\t\t{\n\t\t\t\t\"appid\": 224580,\n\t\t\t\t\"name\": \"\
        Arma 2: DayZ Mod\",\n\t\t\t\t\"playtime_forever\": 11,\n\t\t\t\t\"img_icon_url\"\
        : \"53ab951dfb3b53658da80dbb0f9e199215a0ed47\",\n\t\t\t\t\"img_logo_url\"\
        : \"5e6e7acb5f64e6191c6734a860759741e3a9e2d0\"\n\t\t\t},\n\t\t\t{\n\t\t\t\t\
        \"appid\": 113020,\n\t\t\t\t\"name\": \"Monaco\",\n\t\t\t\t\"playtime_forever\"\
        : 95,\n\t\t\t\t\"img_icon_url\": \"169e693854d9f70984987fa3b6b5f1f9eb27122a\"\
        ,\n\t\t\t\t\"img_logo_url\": \"60642017342ab7f3c924ee9d13b99702a50e5d9e\"\
        ,\n\t\t\t\t\"has_community_visible_stats\": true\n\t\t\t},\n\t\t\t{\n\t\t\t\
        \t\"appid\": 208600,\n\t\t\t\t\"name\": \"Lunar Flight\",\n\t\t\t\t\"playtime_forever\"\
        : 51,\n\t\t\t\t\"img_icon_url\": \"3764c06c8921fd3fe796ce6fae0c45253c1919fd\"\
        ,\n\t\t\t\t\"img_logo_url\": \"bb6feab174f02a232210921311686dcc3cdb7f2c\"\
        ,\n\t\t\t\t\"has_community_visible_stats\": true\n\t\t\t},\n\t\t\t{\n\t\t\t\
        \t\"appid\": 233250,\n\t\t\t\t\"name\": \"Planetary Annihilation\",\n\t\t\t\
        \t\"playtime_forever\": 22,\n\t\t\t\t\"img_icon_url\": \"cc7e967f96e5fb35cf45c742f2c73b2d4f348bd0\"\
        ,\n\t\t\t\t\"img_logo_url\": \"c9fcec848203470a2ff487fdb42e0fc9f6500e8d\"\
        ,\n\t\t\t\t\"has_community_visible_stats\": true\n\t\t\t},\n\t\t\t{\n\t\t\t\
        \t\"appid\": 33910,\n\t\t\t\t\"name\": \"Arma 2\",\n\t\t\t\t\"playtime_forever\"\
        : 32,\n\t\t\t\t\"img_icon_url\": \"7fd2d12d3f91ee3e69955121323bb89063ea304e\"\
        ,\n\t\t\t\t\"img_logo_url\": \"9d4d576e4662870232eae35e50b041f93a9a6fa0\"\n\
        \t\t\t},\n\t\t\t{\n\t\t\t\t\"appid\": 91310,\n\t\t\t\t\"name\": \"Dead Island\"\
        ,\n\t\t\t\t\"playtime_forever\": 0,\n\t\t\t\t\"img_icon_url\": \"1df9ab123c2180d8933038be7578a21e2442befb\"\
        ,\n\t\t\t\t\"img_logo_url\": \"62632a275a4cc08f0238ed3d589ce1d8627fde91\"\
        ,\n\t\t\t\t\"has_community_visible_stats\": true\n\t\t\t},\n\t\t\t{\n\t\t\t\
        \t\"appid\": 209000,\n\t\t\t\t\"name\": \"Batman\u2122: Arkham Origins\",\n\
        \t\t\t\t\"playtime_forever\": 0,\n\t\t\t\t\"img_icon_url\": \"76dac70a2206de1a80da4950da43e1b05ea302a8\"\
        ,\n\t\t\t\t\"img_logo_url\": \"21a0c80630abe3a9dceddcbc224ed6b5b763c5b9\"\
        ,\n\t\t\t\t\"has_community_visible_stats\": true\n\t\t\t},\n\t\t\t{\n\t\t\t\
        \t\"appid\": 206420,\n\t\t\t\t\"name\": \"Saints Row IV\",\n\t\t\t\t\"playtime_2weeks\"\
        : 45,\n\t\t\t\t\"playtime_forever\": 195,\n\t\t\t\t\"img_icon_url\": \"b5e8448a3e2ea31ddf3595addae4e1eee2375c0d\"\
        ,\n\t\t\t\t\"img_logo_url\": \"49d796621c286130a8ddeea918d9aae8c8441455\"\
        ,\n\t\t\t\t\"has_community_visible_stats\": true\n\t\t\t},\n\t\t\t{\n\t\t\t\
        \t\"appid\": 249990,\n\t\t\t\t\"name\": \"FORCED\",\n\t\t\t\t\"playtime_forever\"\
        : 677,\n\t\t\t\t\"img_icon_url\": \"d9ab3c38b347a2510f6ab540921248da14349ca4\"\
        ,\n\t\t\t\t\"img_logo_url\": \"befa0212beead77417a360cb103265310a2fa1a4\"\
        ,\n\t\t\t\t\"has_community_visible_stats\": true\n\t\t\t},\n\t\t\t{\n\t\t\t\
        \t\"appid\": 241540,\n\t\t\t\t\"name\": \"State of Decay\",\n\t\t\t\t\"playtime_forever\"\
        : 2901,\n\t\t\t\t\"img_icon_url\": \"32fa1abe69d8d0fe2f4ebce58dc8a72129c114a0\"\
        ,\n\t\t\t\t\"img_logo_url\": \"b45e56af93872286efddb87d7aa5722f88459a5a\"\
        ,\n\t\t\t\t\"has_community_visible_stats\": true\n\t\t\t},\n\t\t\t{\n\t\t\t\
        \t\"appid\": 224860,\n\t\t\t\t\"name\": \"Arma Tactics\",\n\t\t\t\t\"playtime_forever\"\
        : 0,\n\t\t\t\t\"img_icon_url\": \"1504679c89092b498b29c9ab893e74747b0331fb\"\
        ,\n\t\t\t\t\"img_logo_url\": \"8ce3948b0473acd088f82efe275b9e626971219d\"\n\
        \t\t\t},\n\t\t\t{\n\t\t\t\t\"appid\": 242050,\n\t\t\t\t\"name\": \"Assassin's\
        \ Creed IV Black Flag\",\n\t\t\t\t\"playtime_forever\": 1571,\n\t\t\t\t\"\
        img_icon_url\": \"a03c06290af00eed66814815663b68f5fd063882\",\n\t\t\t\t\"\
        img_logo_url\": \"917bd16fd8a6707d7f2a93fd6473da1f5b22e922\",\n\t\t\t\t\"\
        has_community_visible_stats\": true\n\t\t\t},\n\t\t\t{\n\t\t\t\t\"appid\"\
        : 211820,\n\t\t\t\t\"name\": \"Starbound\",\n\t\t\t\t\"playtime_forever\"\
        : 75,\n\t\t\t\t\"img_icon_url\": \"9420b506fe5b00fd02d9005f1f5555358e3f71f7\"\
        ,\n\t\t\t\t\"img_logo_url\": \"53eb828591fb86c72358b7939dde633ba3e5c6c7\"\
        ,\n\t\t\t\t\"has_community_visible_stats\": true\n\t\t\t},\n\t\t\t{\n\t\t\t\
        \t\"appid\": 367540,\n\t\t\t\t\"name\": \"Starbound - Unstable\",\n\t\t\t\t\
        \"playtime_forever\": 0,\n\t\t\t\t\"img_icon_url\": \"9420b506fe5b00fd02d9005f1f5555358e3f71f7\"\
        ,\n\t\t\t\t\"img_logo_url\": \"53eb828591fb86c72358b7939dde633ba3e5c6c7\"\n\
        \t\t\t},\n\t\t\t{\n\t\t\t\t\"appid\": 271590,\n\t\t\t\t\"name\": \"Grand Theft\
        \ Auto V\",\n\t\t\t\t\"playtime_forever\": 67,\n\t\t\t\t\"img_icon_url\":\
        \ \"1e72f87eb927fa1485e68aefaff23c7fd7178251\",\n\t\t\t\t\"img_logo_url\"\
        : \"e447e82f8b0c67f9e001498503c62f2a187bc609\",\n\t\t\t\t\"has_community_visible_stats\"\
        : true\n\t\t\t},\n\t\t\t{\n\t\t\t\t\"appid\": 237950,\n\t\t\t\t\"name\": \"\
        UFO: Afterlight\",\n\t\t\t\t\"playtime_forever\": 0,\n\t\t\t\t\"img_icon_url\"\
        : \"5f83872b6a8bad7421a8404d804ee35ec57562b1\",\n\t\t\t\t\"img_logo_url\"\
        : \"09de184707c922860253ec309eb6225fcbeeb2a9\",\n\t\t\t\t\"has_community_visible_stats\"\
        : true\n\t\t\t},\n\t\t\t{\n\t\t\t\t\"appid\": 232790,\n\t\t\t\t\"name\": \"\
        Broken Age\",\n\t\t\t\t\"playtime_forever\": 0,\n\t\t\t\t\"img_icon_url\"\
        : \"4b859c6d3dbb58c102276516b4cff175e8dd4ea0\",\n\t\t\t\t\"img_logo_url\"\
        : \"41b5954cafec81314d6f223e38faca0a23501252\",\n\t\t\t\t\"has_community_visible_stats\"\
        : true\n\t\t\t},\n\t\t\t{\n\t\t\t\t\"appid\": 65780,\n\t\t\t\t\"name\": \"\
        Arma: Gold Edition\",\n\t\t\t\t\"playtime_forever\": 0,\n\t\t\t\t\"img_icon_url\"\
        : \"c1e549a4837210842047fd5f5d02ef74a84254ec\",\n\t\t\t\t\"img_logo_url\"\
        : \"7895086d90c2785178b049453f731a9d66f94b14\"\n\t\t\t},\n\t\t\t{\n\t\t\t\t\
        \"appid\": 251570,\n\t\t\t\t\"name\": \"7 Days to Die\",\n\t\t\t\t\"playtime_forever\"\
        : 4685,\n\t\t\t\t\"img_icon_url\": \"c8f826b116770525b68e7b4e37ad83ca044ae760\"\
        ,\n\t\t\t\t\"img_logo_url\": \"d2f0fb2b63983bf5c5a1b627b59ce754788308df\"\
        ,\n\t\t\t\t\"has_community_visible_stats\": true\n\t\t\t},\n\t\t\t{\n\t\t\t\
        \t\"appid\": 250400,\n\t\t\t\t\"name\": \"How to Survive\",\n\t\t\t\t\"playtime_forever\"\
        : 210,\n\t\t\t\t\"img_icon_url\": \"2c493ce76970c4d70183c17b2e44b0099f0c56d5\"\
        ,\n\t\t\t\t\"img_logo_url\": \"2f8ca72af2f828d0480aae0998d1d79532599366\"\
        ,\n\t\t\t\t\"has_community_visible_stats\": true\n\t\t\t},\n\t\t\t{\n\t\t\t\
        \t\"appid\": 224600,\n\t\t\t\t\"name\": \"Defiance\",\n\t\t\t\t\"playtime_forever\"\
        : 200,\n\t\t\t\t\"img_icon_url\": \"d288f803179f2a5925a096e0be8495c36b522d6f\"\
        ,\n\t\t\t\t\"img_logo_url\": \"0b9d1e2e5f2a0a21773d1625b1e2b37bae30bc21\"\n\
        \t\t\t},\n\t\t\t{\n\t\t\t\t\"appid\": 310380,\n\t\t\t\t\"name\": \"Fractured\
        \ Space\",\n\t\t\t\t\"playtime_forever\": 0,\n\t\t\t\t\"img_icon_url\": \"\
        013b41c48cf028c8f9f980251b29ca4cf2e51659\",\n\t\t\t\t\"img_logo_url\": \"\
        d6cc83f54f600c66c672aec724282da5c9402d40\",\n\t\t\t\t\"has_community_visible_stats\"\
        : true\n\t\t\t},\n\t\t\t{\n\t\t\t\t\"appid\": 291480,\n\t\t\t\t\"name\": \"\
        Warface\",\n\t\t\t\t\"playtime_2weeks\": 40,\n\t\t\t\t\"playtime_forever\"\
        : 40,\n\t\t\t\t\"img_icon_url\": \"059943b181976938e1822d0e24c29e4ddcd210f0\"\
        ,\n\t\t\t\t\"img_logo_url\": \"2b2281baa8ac33c11ff1ee20ae7a0f76a4e0f0ff\"\
        ,\n\t\t\t\t\"has_community_visible_stats\": true\n\t\t\t},\n\t\t\t{\n\t\t\t\
        \t\"appid\": 314160,\n\t\t\t\t\"name\": \"Microsoft Flight Simulator X: Steam\
        \ Edition\",\n\t\t\t\t\"playtime_forever\": 0,\n\t\t\t\t\"img_icon_url\":\
        \ \"dba4fedfc6365bb7cda9293a175df897df353411\",\n\t\t\t\t\"img_logo_url\"\
        : \"900f5e38b05ee0b7904d999b407c797dca837bea\",\n\t\t\t\t\"has_community_visible_stats\"\
        : true\n\t\t\t},\n\t\t\t{\n\t\t\t\t\"appid\": 239140,\n\t\t\t\t\"name\": \"\
        Dying Light\",\n\t\t\t\t\"playtime_2weeks\": 1196,\n\t\t\t\t\"playtime_forever\"\
        : 1196,\n\t\t\t\t\"img_icon_url\": \"d6eafb4fab916ac475bf67054332dd1c0659f8d6\"\
        ,\n\t\t\t\t\"img_logo_url\": \"a2656cade3af57d07d0a9622d3b52745b26b2225\"\
        ,\n\t\t\t\t\"has_community_visible_stats\": true\n\t\t\t},\n\t\t\t{\n\t\t\t\
        \t\"appid\": 374570,\n\t\t\t\t\"name\": \"Kung Fury\",\n\t\t\t\t\"playtime_forever\"\
        : 0,\n\t\t\t\t\"img_icon_url\": \"1344416065615ebc9468512017768b1fde6514a9\"\
        ,\n\t\t\t\t\"img_logo_url\": \"215b9addb7ce94f5522f745491cabe203ea43afe\"\n\
        \t\t\t},\n\t\t\t{\n\t\t\t\t\"appid\": 375600,\n\t\t\t\t\"name\": \"Air Brawl\"\
        ,\n\t\t\t\t\"playtime_forever\": 0,\n\t\t\t\t\"img_icon_url\": \"c310ea1a0438752ab97d5b667251ae39de60c937\"\
        ,\n\t\t\t\t\"img_logo_url\": \"875aa448d007a4d4349f83b164d8174baf16cd07\"\
        ,\n\t\t\t\t\"has_community_visible_stats\": true\n\t\t\t},\n\t\t\t{\n\t\t\t\
        \t\"appid\": 208610,\n\t\t\t\t\"name\": \"Skullgirls \u221EEndless Beta\u221E\
        \",\n\t\t\t\t\"playtime_forever\": 0,\n\t\t\t\t\"img_icon_url\": \"7bf859db736b8825045b0cc79acc4bb7be8cd7b9\"\
        ,\n\t\t\t\t\"img_logo_url\": \"33974b81779c888b3b4d9c4b91d86ef0907b11f3\"\
        ,\n\t\t\t\t\"has_community_visible_stats\": true\n\t\t\t},\n\t\t\t{\n\t\t\t\
        \t\"appid\": 245170,\n\t\t\t\t\"name\": \"Skullgirls\",\n\t\t\t\t\"playtime_forever\"\
        : 0,\n\t\t\t\t\"img_icon_url\": \"7bf859db736b8825045b0cc79acc4bb7be8cd7b9\"\
        ,\n\t\t\t\t\"img_logo_url\": \"ca3f7bd4fbb3cf73855ebce91b6dafc2104d651b\"\
        ,\n\t\t\t\t\"has_community_visible_stats\": true\n\t\t\t},\n\t\t\t{\n\t\t\t\
        \t\"appid\": 440,\n\t\t\t\t\"name\": \"Team Fortress 2\",\n\t\t\t\t\"playtime_forever\"\
        : 37,\n\t\t\t\t\"img_icon_url\": \"e3f595a92552da3d664ad00277fad2107345f743\"\
        ,\n\t\t\t\t\"img_logo_url\": \"07385eb55b5ba974aebbe74d3c99626bda7920b8\"\
        ,\n\t\t\t\t\"has_community_visible_stats\": true\n\t\t\t},\n\t\t\t{\n\t\t\t\
        \t\"appid\": 17500,\n\t\t\t\t\"name\": \"Zombie Panic Source\",\n\t\t\t\t\"\
        playtime_forever\": 1221,\n\t\t\t\t\"img_icon_url\": \"e74eb496df79432ed99a45644ed54d1572f3e385\"\
        ,\n\t\t\t\t\"img_logo_url\": \"ee7a8e6d50f6570451730a1bfb2f43a435e08a6c\"\
        ,\n\t\t\t\t\"has_community_visible_stats\": true\n\t\t\t},\n\t\t\t{\n\t\t\t\
        \t\"appid\": 17520,\n\t\t\t\t\"name\": \"Synergy\",\n\t\t\t\t\"playtime_forever\"\
        : 108,\n\t\t\t\t\"img_icon_url\": \"cd0cceaa6856b0309fa44355c53b91ee0be0bb8b\"\
        ,\n\t\t\t\t\"img_logo_url\": \"8dc4b40628fe30c38c04a69c985568313383fb17\"\
        ,\n\t\t\t\t\"has_community_visible_stats\": true\n\t\t\t},\n\t\t\t{\n\t\t\t\
        \t\"appid\": 17700,\n\t\t\t\t\"name\": \"Insurgency: Modern Infantry Combat\"\
        ,\n\t\t\t\t\"playtime_forever\": 253,\n\t\t\t\t\"img_icon_url\": \"b37d85bd4af6343677871d1823abea09903eda87\"\
        ,\n\t\t\t\t\"img_logo_url\": \"5eca94e145762bcd49ea63446d1856495e5b0384\"\
        ,\n\t\t\t\t\"has_community_visible_stats\": true\n\t\t\t},\n\t\t\t{\n\t\t\t\
        \t\"appid\": 1840,\n\t\t\t\t\"name\": \"Source Filmmaker\",\n\t\t\t\t\"playtime_forever\"\
        : 17,\n\t\t\t\t\"img_icon_url\": \"a2ac9b9bfd3f560f48d184c90f4e6baaaa4bd92a\"\
        ,\n\t\t\t\t\"img_logo_url\": \"a6582cbd44dfc66cc78e113ca26bd74f7812c621\"\n\
        \t\t\t}\n\t\t]\n\t\t\n\t}\n}"}
    headers:
      content-length: ['25592']
      content-type: [application/json; charset=UTF-8]
      date: ['Thu, 04 Jun 2015 02:49:03 GMT']
      expires: ['Thu, 04 Jun 2015 02:49:03 GMT']
      x-eresult: ['1']
    status: {code: 200, message: OK}
- request:
    body: null
    headers:
      Accept: ['*/*']
      Accept-Encoding: ['gzip, deflate']
      Connection: [keep-alive]
      User-Agent: [python-requests/2.7.0 CPython/2.7.9 Darwin/14.3.0]
    method: GET
    uri: http://api.steampowered.com/ISteamUser/GetFriendList/v1?steamid=76561197969428769&key=DA0509DA52BC706F282F2D315D3C61BB&format=json
  response:
    body: {string: !!python/unicode "{\n\t\"friendslist\": {\n\t\t\"friends\": [\n\
        \t\t\t{\n\t\t\t\t\"steamid\": \"76561197962749510\",\n\t\t\t\t\"relationship\"\
        : \"friend\",\n\t\t\t\t\"friend_since\": 0\n\t\t\t},\n\t\t\t{\n\t\t\t\t\"\
        steamid\": \"76561197967776245\",\n\t\t\t\t\"relationship\": \"friend\",\n\
        \t\t\t\t\"friend_since\": 0\n\t\t\t},\n\t\t\t{\n\t\t\t\t\"steamid\": \"76561197968887113\"\
        ,\n\t\t\t\t\"relationship\": \"friend\",\n\t\t\t\t\"friend_since\": 0\n\t\t\
        \t},\n\t\t\t{\n\t\t\t\t\"steamid\": \"76561197969390960\",\n\t\t\t\t\"relationship\"\
        : \"friend\",\n\t\t\t\t\"friend_since\": 0\n\t\t\t},\n\t\t\t{\n\t\t\t\t\"\
        steamid\": \"76561197972401735\",\n\t\t\t\t\"relationship\": \"friend\",\n\
        \t\t\t\t\"friend_since\": 0\n\t\t\t},\n\t\t\t{\n\t\t\t\t\"steamid\": \"76561197979664690\"\
        ,\n\t\t\t\t\"relationship\": \"friend\",\n\t\t\t\t\"friend_since\": 1420055731\n\
        \t\t\t},\n\t\t\t{\n\t\t\t\t\"steamid\": \"76561197980747796\",\n\t\t\t\t\"\
        relationship\": \"friend\",\n\t\t\t\t\"friend_since\": 1390112117\n\t\t\t\
        },\n\t\t\t{\n\t\t\t\t\"steamid\": \"76561197983183628\",\n\t\t\t\t\"relationship\"\
        : \"friend\",\n\t\t\t\t\"friend_since\": 1264186059\n\t\t\t},\n\t\t\t{\n\t\
        \t\t\t\"steamid\": \"76561198016928199\",\n\t\t\t\t\"relationship\": \"friend\"\
        ,\n\t\t\t\t\"friend_since\": 1431134131\n\t\t\t},\n\t\t\t{\n\t\t\t\t\"steamid\"\
        : \"76561198020209451\",\n\t\t\t\t\"relationship\": \"friend\",\n\t\t\t\t\"\
        friend_since\": 1367687225\n\t\t\t},\n\t\t\t{\n\t\t\t\t\"steamid\": \"76561198041192286\"\
        ,\n\t\t\t\t\"relationship\": \"friend\",\n\t\t\t\t\"friend_since\": 1402256158\n\
        \t\t\t},\n\t\t\t{\n\t\t\t\t\"steamid\": \"76561198137884154\",\n\t\t\t\t\"\
        relationship\": \"friend\",\n\t\t\t\t\"friend_since\": 1403401696\n\t\t\t\
        }\n\t\t]\n\t\t\n\t}\n}"}
    headers:
      content-length: ['1296']
      content-type: [application/json; charset=UTF-8]
      date: ['Thu, 04 Jun 2015 02:49:03 GMT']
      expires: ['Thu, 04 Jun 2015 02:49:03 GMT']
    status: {code: 200, message: OK}
- request:
    body: null
    headers:
      Accept: ['*/*']
      Accept-Encoding: ['gzip, deflate']
      Connection: [keep-alive]
      User-Agent: [python-requests/2.7.0 CPython/2.7.9 Darwin/14.3.0]
    method: GET
    uri: http://api.steampowered.com/ISteamUser/GetPlayerSummaries/v2?steamids=76561197962749510%2C76561197967776245%2C76561197968887113%2C76561197969390960%2C76561197972401735%2C76561197983183628%2C76561198016928199%2C76561198020209451%2C76561198041192286%2C76561198137884154&key=DA0509DA52BC706F282F2D315D3C61BB&format=json
  response:
    body: {string: !!python/unicode "{\n\t\"response\": {\n\t\t\"players\": [\n\t\t\
        \t{\n\t\t\t\t\"steamid\": \"76561198016928199\",\n\t\t\t\t\"communityvisibilitystate\"\
        : 3,\n\t\t\t\t\"profilestate\": 1,\n\t\t\t\t\"personaname\": \"[HS]-konkey\"\
        ,\n\t\t\t\t\"lastlogoff\": 1433310488,\n\t\t\t\t\"profileurl\": \"http://steamcommunity.com/profiles/76561198016928199/\"\
        ,\n\t\t\t\t\"avatar\": \"https://steamcdn-a.akamaihd.net/steamcommunity/public/images/avatars/22/22e00b299cfa742b2cccec5eb6aa1ae666e489b8.jpg\"\
        ,\n\t\t\t\t\"avatarmedium\": \"https://steamcdn-a.akamaihd.net/steamcommunity/public/images/avatars/22/22e00b299cfa742b2cccec5eb6aa1ae666e489b8_medium.jpg\"\
        ,\n\t\t\t\t\"avatarfull\": \"https://steamcdn-a.akamaihd.net/steamcommunity/public/images/avatars/22/22e00b299cfa742b2cccec5eb6aa1ae666e489b8_full.jpg\"\
        ,\n\t\t\t\t\"personastate\": 0,\n\t\t\t\t\"realname\": \"Konkey\",\n\t\t\t\
        \t\"primaryclanid\": \"103582791429521408\",\n\t\t\t\t\"timecreated\": 1259172855,\n\
        \t\t\t\t\"personastateflags\": 0\n\t\t\t},\n\t\t\t{\n\t\t\t\t\"steamid\":\
        \ \"76561197983183628\",\n\t\t\t\t\"communityvisibilitystate\": 1,\n\t\t\t\
        \t\"profilestate\": 1,\n\t\t\t\t\"personaname\": \"Elliot\",\n\t\t\t\t\"lastlogoff\"\
        : 1272437609,\n\t\t\t\t\"profileurl\": \"http://steamcommunity.com/profiles/76561197983183628/\"\
        ,\n\t\t\t\t\"avatar\": \"https://steamcdn-a.akamaihd.net/steamcommunity/public/images/avatars/bf/bfe8df850317711e3fe9f4c1e2d093da581200e4.jpg\"\
        ,\n\t\t\t\t\"avatarmedium\": \"https://steamcdn-a.akamaihd.net/steamcommunity/public/images/avatars/bf/bfe8df850317711e3fe9f4c1e2d093da581200e4_medium.jpg\"\
        ,\n\t\t\t\t\"avatarfull\": \"https://steamcdn-a.akamaihd.net/steamcommunity/public/images/avatars/bf/bfe8df850317711e3fe9f4c1e2d093da581200e4_full.jpg\"\
        ,\n\t\t\t\t\"personastate\": 0\n\t\t\t},\n\t\t\t{\n\t\t\t\t\"steamid\": \"\
        76561198020209451\",\n\t\t\t\t\"communityvisibilitystate\": 3,\n\t\t\t\t\"\
        profilestate\": 1,\n\t\t\t\t\"personaname\": \"Jonathan the Epic\",\n\t\t\t\
        \t\"lastlogoff\": 1433346917,\n\t\t\t\t\"commentpermission\": 1,\n\t\t\t\t\
        \"profileurl\": \"http://steamcommunity.com/id/Bendidit/\",\n\t\t\t\t\"avatar\"\
        : \"https://steamcdn-a.akamaihd.net/steamcommunity/public/images/avatars/da/da5fdfb269d6fe5a5c04a8e8eb4e5bb129c0e29a.jpg\"\
        ,\n\t\t\t\t\"avatarmedium\": \"https://steamcdn-a.akamaihd.net/steamcommunity/public/images/avatars/da/da5fdfb269d6fe5a5c04a8e8eb4e5bb129c0e29a_medium.jpg\"\
        ,\n\t\t\t\t\"avatarfull\": \"https://steamcdn-a.akamaihd.net/steamcommunity/public/images/avatars/da/da5fdfb269d6fe5a5c04a8e8eb4e5bb129c0e29a_full.jpg\"\
        ,\n\t\t\t\t\"personastate\": 4,\n\t\t\t\t\"realname\": \"Jonathan\",\n\t\t\
        \t\t\"primaryclanid\": \"103582791432125620\",\n\t\t\t\t\"timecreated\": 1264265800,\n\
        \t\t\t\t\"personastateflags\": 0,\n\t\t\t\t\"loccountrycode\": \"US\",\n\t\
        \t\t\t\"locstatecode\": \"VA\"\n\t\t\t},\n\t\t\t{\n\t\t\t\t\"steamid\": \"\
        76561197972401735\",\n\t\t\t\t\"communityvisibilitystate\": 1,\n\t\t\t\t\"\
        profilestate\": 1,\n\t\t\t\t\"personaname\": \"Scoots\",\n\t\t\t\t\"lastlogoff\"\
        : 1433380783,\n\t\t\t\t\"commentpermission\": 2,\n\t\t\t\t\"profileurl\":\
        \ \"http://steamcommunity.com/id/ancientscoots/\",\n\t\t\t\t\"avatar\": \"\
        https://steamcdn-a.akamaihd.net/steamcommunity/public/images/avatars/e3/e3dae7522887252acaee1bcc3f3cceaf88dc8bd7.jpg\"\
        ,\n\t\t\t\t\"avatarmedium\": \"https://steamcdn-a.akamaihd.net/steamcommunity/public/images/avatars/e3/e3dae7522887252acaee1bcc3f3cceaf88dc8bd7_medium.jpg\"\
        ,\n\t\t\t\t\"avatarfull\": \"https://steamcdn-a.akamaihd.net/steamcommunity/public/images/avatars/e3/e3dae7522887252acaee1bcc3f3cceaf88dc8bd7_full.jpg\"\
        ,\n\t\t\t\t\"personastate\": 0\n\t\t\t},\n\t\t\t{\n\t\t\t\t\"steamid\": \"\
        76561198041192286\",\n\t\t\t\t\"communityvisibilitystate\": 1,\n\t\t\t\t\"\
        profilestate\": 1,\n\t\t\t\t\"personaname\": \"Sarin Kast\",\n\t\t\t\t\"lastlogoff\"\
        : 1433225065,\n\t\t\t\t\"profileurl\": \"http://steamcommunity.com/profiles/76561198041192286/\"\
        ,\n\t\t\t\t\"avatar\": \"https://steamcdn-a.akamaihd.net/steamcommunity/public/images/avatars/fe/fef49e7fa7e1997310d705b2a6158ff8dc1cdfeb.jpg\"\
        ,\n\t\t\t\t\"avatarmedium\": \"https://steamcdn-a.akamaihd.net/steamcommunity/public/images/avatars/fe/fef49e7fa7e1997310d705b2a6158ff8dc1cdfeb_medium.jpg\"\
        ,\n\t\t\t\t\"avatarfull\": \"https://steamcdn-a.akamaihd.net/steamcommunity/public/images/avatars/fe/fef49e7fa7e1997310d705b2a6158ff8dc1cdfeb_full.jpg\"\
        ,\n\t\t\t\t\"personastate\": 0\n\t\t\t},\n\t\t\t{\n\t\t\t\t\"steamid\": \"\
        76561198137884154\",\n\t\t\t\t\"communityvisibilitystate\": 3,\n\t\t\t\t\"\
        profilestate\": 1,\n\t\t\t\t\"personaname\": \"eyung60\",\n\t\t\t\t\"lastlogoff\"\
        : 1429640531,\n\t\t\t\t\"profileurl\": \"http://steamcommunity.com/profiles/76561198137884154/\"\
        ,\n\t\t\t\t\"avatar\": \"https://steamcdn-a.akamaihd.net/steamcommunity/public/images/avatars/e3/e392c88dca726bd4afa9b01a891bee3bc1b27a59.jpg\"\
        ,\n\t\t\t\t\"avatarmedium\": \"https://steamcdn-a.akamaihd.net/steamcommunity/public/images/avatars/e3/e392c88dca726bd4afa9b01a891bee3bc1b27a59_medium.jpg\"\
        ,\n\t\t\t\t\"avatarfull\": \"https://steamcdn-a.akamaihd.net/steamcommunity/public/images/avatars/e3/e392c88dca726bd4afa9b01a891bee3bc1b27a59_full.jpg\"\
        ,\n\t\t\t\t\"personastate\": 0,\n\t\t\t\t\"primaryclanid\": \"103582791429521408\"\
        ,\n\t\t\t\t\"timecreated\": 1400968709,\n\t\t\t\t\"personastateflags\": 0\n\
        \t\t\t},\n\t\t\t{\n\t\t\t\t\"steamid\": \"76561197968887113\",\n\t\t\t\t\"\
        communityvisibilitystate\": 3,\n\t\t\t\t\"profilestate\": 1,\n\t\t\t\t\"personaname\"\
        : \"madhare713\",\n\t\t\t\t\"lastlogoff\": 1204267374,\n\t\t\t\t\"profileurl\"\
        : \"http://steamcommunity.com/profiles/76561197968887113/\",\n\t\t\t\t\"avatar\"\
        : \"https://steamcdn-a.akamaihd.net/steamcommunity/public/images/avatars/fe/fef49e7fa7e1997310d705b2a6158ff8dc1cdfeb.jpg\"\
        ,\n\t\t\t\t\"avatarmedium\": \"https://steamcdn-a.akamaihd.net/steamcommunity/public/images/avatars/fe/fef49e7fa7e1997310d705b2a6158ff8dc1cdfeb_medium.jpg\"\
        ,\n\t\t\t\t\"avatarfull\": \"https://steamcdn-a.akamaihd.net/steamcommunity/public/images/avatars/fe/fef49e7fa7e1997310d705b2a6158ff8dc1cdfeb_full.jpg\"\
        ,\n\t\t\t\t\"personastate\": 0,\n\t\t\t\t\"primaryclanid\": \"103582791429521408\"\
        ,\n\t\t\t\t\"timecreated\": 1094858134,\n\t\t\t\t\"personastateflags\": 0\n\
        \t\t\t},\n\t\t\t{\n\t\t\t\t\"steamid\": \"76561197969390960\",\n\t\t\t\t\"\
        communityvisibilitystate\": 3,\n\t\t\t\t\"profilestate\": 1,\n\t\t\t\t\"personaname\"\
        : \"cRackeR\",\n\t\t\t\t\"lastlogoff\": 1336451422,\n\t\t\t\t\"profileurl\"\
        : \"http://steamcommunity.com/profiles/76561197969390960/\",\n\t\t\t\t\"avatar\"\
        : \"https://steamcdn-a.akamaihd.net/steamcommunity/public/images/avatars/fe/fef49e7fa7e1997310d705b2a6158ff8dc1cdfeb.jpg\"\
        ,\n\t\t\t\t\"avatarmedium\": \"https://steamcdn-a.akamaihd.net/steamcommunity/public/images/avatars/fe/fef49e7fa7e1997310d705b2a6158ff8dc1cdfeb_medium.jpg\"\
        ,\n\t\t\t\t\"avatarfull\": \"https://steamcdn-a.akamaihd.net/steamcommunity/public/images/avatars/fe/fef49e7fa7e1997310d705b2a6158ff8dc1cdfeb_full.jpg\"\
        ,\n\t\t\t\t\"personastate\": 0,\n\t\t\t\t\"primaryclanid\": \"103582791429521408\"\
        ,\n\t\t\t\t\"timecreated\": 1097298130,\n\t\t\t\t\"personastateflags\": 0\n\
        \t\t\t},\n\t\t\t{\n\t\t\t\t\"steamid\": \"76561197962749510\",\n\t\t\t\t\"\
        communityvisibilitystate\": 3,\n\t\t\t\t\"personaname\": \"ryanhopkins82\"\
        ,\n\t\t\t\t\"lastlogoff\": 1218325815,\n\t\t\t\t\"profileurl\": \"http://steamcommunity.com/profiles/76561197962749510/\"\
        ,\n\t\t\t\t\"avatar\": \"https://steamcdn-a.akamaihd.net/steamcommunity/public/images/avatars/fe/fef49e7fa7e1997310d705b2a6158ff8dc1cdfeb.jpg\"\
        ,\n\t\t\t\t\"avatarmedium\": \"https://steamcdn-a.akamaihd.net/steamcommunity/public/images/avatars/fe/fef49e7fa7e1997310d705b2a6158ff8dc1cdfeb_medium.jpg\"\
        ,\n\t\t\t\t\"avatarfull\": \"https://steamcdn-a.akamaihd.net/steamcommunity/public/images/avatars/fe/fef49e7fa7e1997310d705b2a6158ff8dc1cdfeb_full.jpg\"\
        ,\n\t\t\t\t\"personastate\": 0,\n\t\t\t\t\"primaryclanid\": \"103582791429521408\"\
        ,\n\t\t\t\t\"timecreated\": 1068776316,\n\t\t\t\t\"personastateflags\": 0\n\
        \t\t\t},\n\t\t\t{\n\t\t\t\t\"steamid\": \"76561197967776245\",\n\t\t\t\t\"\
        communityvisibilitystate\": 3,\n\t\t\t\t\"profilestate\": 1,\n\t\t\t\t\"personaname\"\
        : \"HelRazor\",\n\t\t\t\t\"lastlogoff\": 1410021234,\n\t\t\t\t\"profileurl\"\
        : \"http://steamcommunity.com/profiles/76561197967776245/\",\n\t\t\t\t\"avatar\"\
        : \"https://steamcdn-a.akamaihd.net/steamcommunity/public/images/avatars/fe/fef49e7fa7e1997310d705b2a6158ff8dc1cdfeb.jpg\"\
        ,\n\t\t\t\t\"avatarmedium\": \"https://steamcdn-a.akamaihd.net/steamcommunity/public/images/avatars/fe/fef49e7fa7e1997310d705b2a6158ff8dc1cdfeb_medium.jpg\"\
        ,\n\t\t\t\t\"avatarfull\": \"https://steamcdn-a.akamaihd.net/steamcommunity/public/images/avatars/fe/fef49e7fa7e1997310d705b2a6158ff8dc1cdfeb_full.jpg\"\
        ,\n\t\t\t\t\"personastate\": 0,\n\t\t\t\t\"realname\": \"fsoileau\",\n\t\t\
        \t\t\"primaryclanid\": \"103582791429639803\",\n\t\t\t\t\"timecreated\": 1091079151,\n\
        \t\t\t\t\"personastateflags\": 0,\n\t\t\t\t\"loccountrycode\": \"US\",\n\t\
        \t\t\t\"locstatecode\": \"CA\"\n\t\t\t}\n\t\t]\n\t\t\n\t}\n}"}
    headers:
      content-length: ['7839']
      content-type: [application/json; charset=UTF-8]
      date: ['Thu, 04 Jun 2015 02:49:03 GMT']
      expires: ['Thu, 04 Jun 2015 02:49:03 GMT']
    status: {code: 200, message: OK}
version: 1
